******************************************************************************
            TI ARM Clang Linker Unix v4.0.1                    
******************************************************************************
>> Linked Fri Jan  9 10:22:49 2026

OUTPUT FILE NAME:   <asm_playground.out>
ENTRY POINT SYMBOL: "_c_int00_noargs"  address: 0000113d


MEMORY CONFIGURATION

         name            origin    length      used     unused   attr    fill
----------------------  --------  ---------  --------  --------  ----  --------
  FLASH                 00000000   00020000  000014b0  0001eb50  R  X
  SRAM                  20200000   00008000  00000b1d  000074e3  RW X
  BCR_CONFIG            41c00000   00000080  00000000  00000080  R   
  BSL_CONFIG            41c00100   00000080  00000000  00000080  R   


SEGMENT ALLOCATION MAP

run origin  load origin   length   init length attrs members
----------  ----------- ---------- ----------- ----- -------
00000000    00000000    000014b0   000014b0    r-x
  00000000    00000000    000000c0   000000c0    r-- .intvecs
  000000c0    000000c0    000011b8   000011b8    r-x .text
  00001278    00001278    00000208   00000208    r-- .rodata
  00001480    00001480    00000030   00000030    r-- .cinit
20200000    20200000    0000091d   00000000    rw-
  20200000    20200000    00000800   00000000    rw- .sysmem
  20200800    20200800    0000011d   00000000    rw- .data
20207e00    20207e00    00000200   00000000    rw-
  20207e00    20207e00    00000200   00000000    rw- .stack


SECTION ALLOCATION MAP

 output                                  attributes/
section   page    origin      length       input sections
--------  ----  ----------  ----------   ----------------
.intvecs   0    00000000    000000c0     
                  00000000    000000c0     startup_mspm0g3507_ticlang.o (.intvecs)

.text      0    000000c0    000011b8     
                  000000c0    00000218     main-playground.o (.text.main)
                  000002d8    000001dc     main-playground.o (.text.lcd_input)
                  000004b4    00000168     clock.o (.text.clock_init_40mhz)
                  0000061c    000000dc     LaunchPad.o (.text.write_keycol_data)
                  000006f8    000000d0     LaunchPad.o (.text.keypad_init)
                  000007c8    000000c4     lcd1602.o (.text.lcd1602_init)
                  0000088c    000000c0     lcd1602.o (.text.lcd1602_write)
                  0000094c    000000bc     LaunchPad.o (.text.I2C_init)
                  00000a08    000000b4     sort.o (.text)
                  00000abc    000000ac     LaunchPad.o (.text.read_keyrow_data)
                  00000b68    00000098     main-playground.o (.text.lcd_display_array)
                  00000c00    00000094     LaunchPad.o (.text.I2C_send1)
                  00000c94    00000088     LaunchPad.o (.text.keypad_scan)
                  00000d1c    0000007c     lcd1602.o (.text.doublebyte_to_ascii)
                  00000d98    0000007c     libc.a : copy_decompress_lzss.c.obj (.text:decompress:lzss)
                  00000e14    0000006c     main-playground.o (.text.show_menu)
                  00000e80    00000064     linked_list.o (.text)
                  00000ee4    0000005c     LaunchPad.o (.text.I2C_fill_tx_fifo)
                  00000f40    00000058     main-playground.o (.text.parse_int)
                  00000f98    00000040     libclang_rt.builtins.a : aeabi_uidivmod.S.obj (.text.__aeabi_uidivmod)
                  00000fd8    0000003c     libc.a : autoinit.c.obj (.text:__TI_auto_init_nobinit_nopinit)
                  00001014    00000038     LaunchPad.o (.text.launchpad_gpio_init)
                  0000104c    00000038     main-playground.o (.text.power)
                  00001084    00000034     clock.o (.text.msec_delay)
                  000010b8    00000030     main-playground.o (.text.lcd_display)
                  000010e8    0000002c     lcd1602.o (.text.lcd_write_doublebyte)
                  00001114    00000028     LaunchPad.o (.text.getkey_pressed)
                  0000113c    00000028     libc.a : boot_cortex_m.c.obj (.text:_c_int00_noargs)
                  00001164    00000024     lcd1602.o (.text.lcd_write_string)
                  00001188    00000020     lcd1602.o (.text.lcd_set_ddram_addr)
                  000011a8    00000020     lcd1602.o (.text.lcd_set_display_on)
                  000011c8    0000001e     LaunchPad.o (.text.wait_no_key_pressed)
                  000011e6    00000018     lcd1602.o (.text.lcd_write_char)
                  000011fe    00000012     libc.a : memcpy16.S.obj (.text:TI_memcpy_small)
                  00001210    00000012            : copy_decompress_none.c.obj (.text:decompress:none)
                  00001222    00000010     clock.o (.text.clock_delay)
                  00001232    0000000e     lcd1602.o (.text.lcd_clear)
                  00001240    0000000e     libc.a : memset16.S.obj (.text:TI_memset_small)
                  0000124e    00000002     libclang_rt.builtins.a : aeabi_div0.c.obj (.text.__aeabi_idiv0)
                  00001250    0000000c                            : aeabi_memset.S.obj (.text.__aeabi_memclr)
                  0000125c    00000008                            : aeabi_memcpy.S.obj (.text.__aeabi_memcpy)
                  00001264    00000004     startup_mspm0g3507_ticlang.o (.text.Default_Handler)
                  00001268    00000004     startup_mspm0g3507_ticlang.o (.text.HardFault_Handler)
                  0000126c    00000004     startup_mspm0g3507_ticlang.o (.text.Reset_Handler)
                  00001270    00000004     libc.a : pre_init.c.obj (.text._system_pre_init)
                  00001274    00000004            : exit.c.obj (.text:abort)

.cinit     0    00001480    00000030     
                  00001480    00000020     (.cinit..data.load) [load image, compression = lzss]
                  000014a0    00000008     (__TI_handler_table)
                  000014a8    00000008     (__TI_cinit_table)

.rodata    0    00001278    00000208     
                  00001278    00000030     LaunchPad.o (.rodata.kp_col_config_data)
                  000012a8    00000030     LaunchPad.o (.rodata.kp_row_config_data)
                  000012d8    00000018     LaunchPad.o (.rodata.iic_config_data)
                  000012f0    00000011     main-playground.o (.rodata.str1.116734556705632280261)
                  00001301    00000011     main-playground.o (.rodata.str1.122742772318591972711)
                  00001312    00000011     main-playground.o (.rodata.str1.127007016369964795431)
                  00001323    00000011     main-playground.o (.rodata.str1.160656820556310044621)
                  00001334    00000011     main-playground.o (.rodata.str1.32663311503621589451)
                  00001345    00000010     main-playground.o (.rodata.str1.151108929215612207081)
                  00001355    0000000f     main-playground.o (.rodata.str1.130928206080737462121)
                  00001364    0000000f     main-playground.o (.rodata.str1.142632118837202546441)
                  00001373    0000000f     main-playground.o (.rodata.str1.30430544699818365011)
                  00001382    0000000f     main-playground.o (.rodata.str1.49560107745435156201)
                  00001391    0000000f     main-playground.o (.rodata.str1.75400931960369497681)
                  000013a0    0000000e     main-playground.o (.rodata.str1.101332698320782378191)
                  000013ae    0000000e     main-playground.o (.rodata.str1.113928022422334157521)
                  000013bc    0000000e     main-playground.o (.rodata.str1.4316610251354919041)
                  000013ca    0000000e     main-playground.o (.rodata.str1.44862871259956075871)
                  000013d8    0000000e     main-playground.o (.rodata.str1.71293244560101512761)
                  000013e6    0000000d     main-playground.o (.rodata.str1.119048677014239862891)
                  000013f3    0000000d     main-playground.o (.rodata.str1.119792445650392567261)
                  00001400    0000000d     main-playground.o (.rodata.str1.16098725615634184001)
                  0000140d    0000000d     main-playground.o (.rodata.str1.51850444207082431301)
                  0000141a    0000000d     main-playground.o (.rodata.str1.52531221764181784501)
                  00001427    0000000c     main-playground.o (.rodata.str1.182437974776169245351)
                  00001433    0000000b     main-playground.o (.rodata.str1.34583444688389147101)
                  0000143e    0000000b     main-playground.o (.rodata.str1.85877704884998195701)
                  00001449    0000000a     main-playground.o (.rodata.str1.109766131118530756501)
                  00001453    0000000a     main-playground.o (.rodata.str1.160636296051369523291)
                  0000145d    00000009     main-playground.o (.rodata.str1.181868819425585164831)
                  00001466    00000008     main-playground.o (.rodata.str1.147819467211497771511)
                  0000146e    00000006     main-playground.o (.rodata.str1.17995905378680292921)
                  00001474    00000005     main-playground.o (.rodata.str1.11686636220491597111)
                  00001479    00000001     main-playground.o (.rodata.str1.38045204393499690951)
                  0000147a    00000006     --HOLE-- [fill = 0]

.init_array 
*          0    00000000    00000000     UNINITIALIZED

.binit     0    00000000    00000000     

.data      0    20200800    0000011d     UNINITIALIZED
                  20200800    00000108     linked_list.o (.data)
                  20200908    00000010     LaunchPad.o (.data.keycodes)
                  20200918    00000004     clock.o (.data.g_bus_clock_freq)
                  2020091c    00000001     lcd1602.o (.data.g_lcd_backlight_mode)

.sysmem    0    20200000    00000800     UNINITIALIZED
                  20200000    00000010     libc.a : memory.c.obj (.sysmem)
                  20200010    000007f0     --HOLE--

.stack     0    20207e00    00000200     UNINITIALIZED
                  20207e00    00000004     libc.a : boot_cortex_m.c.obj (.stack)
                  20207e04    000001fc     --HOLE--

__llvm_prf_cnts 
*          0    20200000    00000000     UNINITIALIZED

__llvm_prf_bits 
*          0    20200000    00000000     UNINITIALIZED

MODULE SUMMARY

       Module                         code   ro data   rw data
       ------                         ----   -------   -------
    ./
       main-playground.o              1464   394       0      
       LaunchPad.o                    1290   120       16     
       lcd1602.o                      694    0         1      
       clock.o                        428    0         4      
       linked_list.o                  100    0         264    
       sort.o                         180    0         0      
    +--+------------------------------+------+---------+---------+
       Total:                         4156   514       285    
                                                              
    ./ticlang/
       startup_mspm0g3507_ticlang.o   12     192       0      
    +--+------------------------------+------+---------+---------+
       Total:                         12     192       0      
                                                              
    /Applications/ti/ccs2001/ccs/tools/compiler/ti-cgt-armllvm_4.0.1.LTS/lib/armv6m-ti-none-eabi/c/libc.a
       copy_decompress_lzss.c.obj     124    0         0      
       autoinit.c.obj                 60     0         0      
       boot_cortex_m.c.obj            40     0         0      
       copy_decompress_none.c.obj     18     0         0      
       memcpy16.S.obj                 18     0         0      
       memset16.S.obj                 14     0         0      
       exit.c.obj                     4      0         0      
       pre_init.c.obj                 4      0         0      
    +--+------------------------------+------+---------+---------+
       Total:                         282    0         0      
                                                              
    /Applications/ti/ccs2001/ccs/tools/compiler/ti-cgt-armllvm_4.0.1.LTS/lib/armv6m-ti-none-eabi/libclang_rt.builtins.a
       aeabi_uidivmod.S.obj           64     0         0      
       aeabi_memset.S.obj             12     0         0      
       aeabi_memcpy.S.obj             8      0         0      
       aeabi_div0.c.obj               2      0         0      
    +--+------------------------------+------+---------+---------+
       Total:                         86     0         0      
                                                              
       Heap:                          0      0         2048   
       Stack:                         0      0         512    
       Linker Generated:              0      48        0      
    +--+------------------------------+------+---------+---------+
       Grand Total:                   4536   754       2845   


LINKER GENERATED COPY TABLES

__TI_cinit_table @ 000014a8 records: 1, size/record: 8, table size: 8
	.data: load addr=00001480, load size=00000020 bytes, run addr=20200800, run size=0000011d bytes, compression=lzss


LINKER GENERATED HANDLER TABLE

__TI_handler_table @ 000014a0 records: 2, size/record: 4, table size: 8
	index: 0, handler: __TI_decompress_lzss
	index: 1, handler: __TI_decompress_none


GLOBAL SYMBOLS: SORTED ALPHABETICALLY BY Name 

address   name                          
-------   ----                          
00001265  ADC0_IRQHandler               
00001265  ADC1_IRQHandler               
00001265  AES_IRQHandler                
00001274  C$$EXIT                       
00001265  CANFD0_IRQHandler             
00001265  DAC0_IRQHandler               
00001265  DMA_IRQHandler                
00001265  Default_Handler               
00001265  GROUP0_IRQHandler             
00001265  GROUP1_IRQHandler             
00001269  HardFault_Handler             
00001265  I2C0_IRQHandler               
00001265  I2C1_IRQHandler               
0000094d  I2C_init                      
00000c01  I2C_send1                     
00001265  NMI_Handler                   
00001265  PendSV_Handler                
00001265  RTC_IRQHandler                
0000126d  Reset_Handler                 
00001265  SPI0_IRQHandler               
00001265  SPI1_IRQHandler               
00001265  SVC_Handler                   
00001265  SysTick_Handler               
00001265  TIMA0_IRQHandler              
00001265  TIMA1_IRQHandler              
00001265  TIMG0_IRQHandler              
00001265  TIMG12_IRQHandler             
00001265  TIMG6_IRQHandler              
00001265  TIMG7_IRQHandler              
00001265  TIMG8_IRQHandler              
000011ff  TI_memcpy_small               
00001241  TI_memset_small               
00001265  UART0_IRQHandler              
00001265  UART1_IRQHandler              
00001265  UART2_IRQHandler              
00001265  UART3_IRQHandler              
20208000  __STACK_END                   
00000200  __STACK_SIZE                  
00000800  __SYSMEM_SIZE                 
00000000  __TI_ATRegion0_region_sz      
00000000  __TI_ATRegion0_src_addr       
00000000  __TI_ATRegion0_trg_addr       
00000000  __TI_ATRegion1_region_sz      
00000000  __TI_ATRegion1_src_addr       
00000000  __TI_ATRegion1_trg_addr       
00000000  __TI_ATRegion2_region_sz      
00000000  __TI_ATRegion2_src_addr       
00000000  __TI_ATRegion2_trg_addr       
000014a8  __TI_CINIT_Base               
000014b0  __TI_CINIT_Limit              
000014b0  __TI_CINIT_Warm               
000014a0  __TI_Handler_Table_Base       
000014a8  __TI_Handler_Table_Limit      
00000fd9  __TI_auto_init_nobinit_nopinit
00000d99  __TI_decompress_lzss          
00001211  __TI_decompress_none          
ffffffff  __TI_pprof_out_hndl           
ffffffff  __TI_prof_data_size           
ffffffff  __TI_prof_data_start          
00000000  __TI_static_base__            
0000124f  __aeabi_idiv0                 
00001251  __aeabi_memclr                
00001251  __aeabi_memclr4               
00001251  __aeabi_memclr8               
0000125d  __aeabi_memcpy                
0000125d  __aeabi_memcpy4               
0000125d  __aeabi_memcpy8               
00000f99  __aeabi_uidiv                 
00000f99  __aeabi_uidivmod              
ffffffff  __binit__                     
UNDEFED   __mpu_init                    
20207e00  __stack                       
20200000  __start___llvm_prf_bits       
20200000  __start___llvm_prf_cnts       
20200000  __stop___llvm_prf_bits        
20200000  __stop___llvm_prf_cnts        
0000113d  _c_int00_noargs               
20200000  _sys_memory                   
UNDEFED   _system_post_cinit            
00001271  _system_pre_init              
00001275  abort                         
ffffffff  binit                         
00001223  clock_delay                   
000004b5  clock_init_40mhz              
00000d1d  doublebyte_to_ascii           
20200918  g_bus_clock_freq              
00001115  getkey_pressed                
000012d8  iic_config_data               
00000000  interruptVectors              
20200908  keycodes                      
000006f9  keypad_init                   
00000c95  keypad_scan                   
00001278  kp_col_config_data            
000012a8  kp_row_config_data            
00001015  launchpad_gpio_init           
000007c9  lcd1602_init                  
0000088d  lcd1602_write                 
00001233  lcd_clear                     
000010b9  lcd_display                   
00000b69  lcd_display_array             
000002d9  lcd_input                     
00001189  lcd_set_ddram_addr            
000011a9  lcd_set_display_on            
000011e7  lcd_write_char                
000010e9  lcd_write_doublebyte          
00001165  lcd_write_string              
00000e80  linked_list_create            
00000ecc  linked_list_head_data         
00000ed2  linked_list_tail_data         
00000eae  linked_list_to_array          
000000c1  main                          
00001085  msec_delay                    
00000f41  parse_int                     
0000104d  power                         
00000abd  read_keyrow_data              
00000e15  show_menu                     
00000a08  sort                          
000011c9  wait_no_key_pressed           
0000061d  write_keycol_data             


GLOBAL SYMBOLS: SORTED BY Symbol Address 

address   name                          
-------   ----                          
00000000  __TI_ATRegion0_region_sz      
00000000  __TI_ATRegion0_src_addr       
00000000  __TI_ATRegion0_trg_addr       
00000000  __TI_ATRegion1_region_sz      
00000000  __TI_ATRegion1_src_addr       
00000000  __TI_ATRegion1_trg_addr       
00000000  __TI_ATRegion2_region_sz      
00000000  __TI_ATRegion2_src_addr       
00000000  __TI_ATRegion2_trg_addr       
00000000  __TI_static_base__            
00000000  interruptVectors              
000000c1  main                          
00000200  __STACK_SIZE                  
000002d9  lcd_input                     
000004b5  clock_init_40mhz              
0000061d  write_keycol_data             
000006f9  keypad_init                   
000007c9  lcd1602_init                  
00000800  __SYSMEM_SIZE                 
0000088d  lcd1602_write                 
0000094d  I2C_init                      
00000a08  sort                          
00000abd  read_keyrow_data              
00000b69  lcd_display_array             
00000c01  I2C_send1                     
00000c95  keypad_scan                   
00000d1d  doublebyte_to_ascii           
00000d99  __TI_decompress_lzss          
00000e15  show_menu                     
00000e80  linked_list_create            
00000eae  linked_list_to_array          
00000ecc  linked_list_head_data         
00000ed2  linked_list_tail_data         
00000f41  parse_int                     
00000f99  __aeabi_uidiv                 
00000f99  __aeabi_uidivmod              
00000fd9  __TI_auto_init_nobinit_nopinit
00001015  launchpad_gpio_init           
0000104d  power                         
00001085  msec_delay                    
000010b9  lcd_display                   
000010e9  lcd_write_doublebyte          
00001115  getkey_pressed                
0000113d  _c_int00_noargs               
00001165  lcd_write_string              
00001189  lcd_set_ddram_addr            
000011a9  lcd_set_display_on            
000011c9  wait_no_key_pressed           
000011e7  lcd_write_char                
000011ff  TI_memcpy_small               
00001211  __TI_decompress_none          
00001223  clock_delay                   
00001233  lcd_clear                     
00001241  TI_memset_small               
0000124f  __aeabi_idiv0                 
00001251  __aeabi_memclr                
00001251  __aeabi_memclr4               
00001251  __aeabi_memclr8               
0000125d  __aeabi_memcpy                
0000125d  __aeabi_memcpy4               
0000125d  __aeabi_memcpy8               
00001265  ADC0_IRQHandler               
00001265  ADC1_IRQHandler               
00001265  AES_IRQHandler                
00001265  CANFD0_IRQHandler             
00001265  DAC0_IRQHandler               
00001265  DMA_IRQHandler                
00001265  Default_Handler               
00001265  GROUP0_IRQHandler             
00001265  GROUP1_IRQHandler             
00001265  I2C0_IRQHandler               
00001265  I2C1_IRQHandler               
00001265  NMI_Handler                   
00001265  PendSV_Handler                
00001265  RTC_IRQHandler                
00001265  SPI0_IRQHandler               
00001265  SPI1_IRQHandler               
00001265  SVC_Handler                   
00001265  SysTick_Handler               
00001265  TIMA0_IRQHandler              
00001265  TIMA1_IRQHandler              
00001265  TIMG0_IRQHandler              
00001265  TIMG12_IRQHandler             
00001265  TIMG6_IRQHandler              
00001265  TIMG7_IRQHandler              
00001265  TIMG8_IRQHandler              
00001265  UART0_IRQHandler              
00001265  UART1_IRQHandler              
00001265  UART2_IRQHandler              
00001265  UART3_IRQHandler              
00001269  HardFault_Handler             
0000126d  Reset_Handler                 
00001271  _system_pre_init              
00001274  C$$EXIT                       
00001275  abort                         
00001278  kp_col_config_data            
000012a8  kp_row_config_data            
000012d8  iic_config_data               
000014a0  __TI_Handler_Table_Base       
000014a8  __TI_CINIT_Base               
000014a8  __TI_Handler_Table_Limit      
000014b0  __TI_CINIT_Limit              
000014b0  __TI_CINIT_Warm               
20200000  __start___llvm_prf_bits       
20200000  __start___llvm_prf_cnts       
20200000  __stop___llvm_prf_bits        
20200000  __stop___llvm_prf_cnts        
20200000  _sys_memory                   
20200908  keycodes                      
20200918  g_bus_clock_freq              
20207e00  __stack                       
20208000  __STACK_END                   
ffffffff  __TI_pprof_out_hndl           
ffffffff  __TI_prof_data_size           
ffffffff  __TI_prof_data_start          
ffffffff  __binit__                     
ffffffff  binit                         
UNDEFED   __mpu_init                    
UNDEFED   _system_post_cinit            

[119 symbols]
