******************************************************************************
            TI ARM Clang Linker Unix v4.0.4                    
******************************************************************************
>> Linked Wed Jan 14 13:11:41 2026

OUTPUT FILE NAME:   <default_project.out>
ENTRY POINT SYMBOL: "_c_int00_noargs"  address: 00003295


MEMORY CONFIGURATION

         name            origin    length      used     unused   attr    fill
----------------------  --------  ---------  --------  --------  ----  --------
  FLASH                 00000000   00020000  000037a0  0001c860  R  X
  SRAM                  20200000   00008000  00000a0a  000075f6  RW X
  BCR_CONFIG            41c00000   00000080  00000000  00000080  R   
  BSL_CONFIG            41c00100   00000080  00000000  00000080  R   


SEGMENT ALLOCATION MAP

run origin  load origin   length   init length attrs members
----------  ----------- ---------- ----------- ----- -------
00000000    00000000    000037a0   000037a0    r-x
  00000000    00000000    000000c0   000000c0    r-- .intvecs
  000000c0    000000c0    000034c0   000034c0    r-x .text
  00003580    00003580    00000200   00000200    r-- .rodata
  00003780    00003780    00000020   00000020    r-- .cinit
20200000    20200000    0000080a   00000000    rw-
  20200000    20200000    00000800   00000000    rw- .sysmem
  20200800    20200800    0000000a   00000000    rw- .data
20207e00    20207e00    00000200   00000000    rw-
  20207e00    20207e00    00000200   00000000    rw- .stack


SECTION ALLOCATION MAP

 output                                  attributes/
section   page    origin      length       input sections
--------  ----  ----------  ----------   ----------------
.intvecs   0    00000000    000000c0     
                  00000000    000000c0     startup_mspm0g3507_ticlang.o (.intvecs)

.text      0    000000c0    000034c0     
                  000000c0    00000a48     libc.a : e_pow.c.obj (.text.pow)
                  00000b08    00000644            : k_rem_pio2.c.obj (.text.__kernel_rem_pio2)
                  0000114c    00000458            : s_sin.c.obj (.text.sin)
                  000015a4    00000192     libclang_rt.builtins.a : adddf3.S.obj (.text.adddf3_subdf3)
                  00001736    00000002                            : aeabi_div0.c.obj (.text.__aeabi_idiv0)
                  00001738    00000170     libc.a : e_sqrt.c.obj (.text.sqrt)
                  000018a8    00000168            : k_sin.c.obj (.text.__kernel_sin)
                  00001a10    00000168     clock.o (.text.clock_init_40mhz)
                  00001b78    00000150     libc.a : k_cos.c.obj (.text.__kernel_cos)
                  00001cc8    00000144            : s_floor.c.obj (.text.floor)
                  00001e0c    0000010c     libclang_rt.builtins.a : divdf3.S.obj (.text.__divdf3)
                  00001f18    000000e4                            : muldf3.S.obj (.text.__muldf3)
                  00001ffc    000000d8     libc.a : s_scalbn.c.obj (.text.scalbn)
                  000020d4    000000d8     libclang_rt.builtins.a : addsf3.S.obj (.text)
                  000021ac    000000d4     uart.o (.text.UART_init)
                  00002280    000000d0     LaunchPad.o (.text.leds_off)
                  00002350    000000c4     lcd1602.o (.text.lcd1602_init)
                  00002414    000000c0     lcd1602.o (.text.lcd1602_write)
                  000024d4    000000bc     LaunchPad.o (.text.I2C_init)
                  00002590    000000b4     LaunchPad.o (.text.led_on)
                  00002644    000000b4     main.o (.text.main)
                  000026f8    000000ac     LaunchPad.o (.text.motor0_pwm_init)
                  000027a4    000000a8     LaunchPad.o (.text.led_init)
                  0000284c    00000094     LaunchPad.o (.text.I2C_send1)
                  000028e0    0000008c     libclang_rt.builtins.a : mulsf3.S.obj (.text.__mulsf3)
                  0000296c    0000008c     music.o (.text.buzzer_play_freq)
                  000029f8    0000007c     lcd1602.o (.text.byte_to_ascii)
                  00002a74    0000007c     libc.a : copy_decompress_lzss.c.obj (.text:decompress:lzss)
                  00002af0    00000078     main.o (.text.buzzer_play_midi)
                  00002b68    00000074     libclang_rt.builtins.a : comparedf2.c.obj (.text.__gedf2)
                  00002bdc    00000004     startup_mspm0g3507_ticlang.o (.text.Default_Handler)
                  00002be0    00000074     libclang_rt.builtins.a : truncdfsf2.S.obj (.text.__truncdfsf2)
                  00002c54    00000068                            : comparedf2.c.obj (.text.__ledf2)
                  00002cbc    00000062                            : aeabi_dcmp.S.obj (.text.__aeabi_dcmp)
                  00002d1e    00000002     --HOLE-- [fill = 0]
                  00002d20    00000062                            : aeabi_fcmp.S.obj (.text.__aeabi_fcmp)
                  00002d82    00000002     --HOLE-- [fill = 0]
                  00002d84    0000005c     LaunchPad.o (.text.I2C_fill_tx_fifo)
                  00002de0    00000058     main.o (.text.MidiSignal_to_lcd)
                  00002e38    00000056     libclang_rt.builtins.a : aeabi_idivmod.S.obj (.text.__aeabi_idivmod)
                  00002e8e    00000002     --HOLE-- [fill = 0]
                  00002e90    0000004a                            : fixdfsi.S.obj (.text.__fixdfsi)
                  00002eda    00000002     --HOLE-- [fill = 0]
                  00002edc    00000042                            : fixunsdfsi.S.obj (.text.__fixunsdfsi)
                  00002f1e    00000002     --HOLE-- [fill = 0]
                  00002f20    00000040                            : aeabi_uidivmod.S.obj (.text.__aeabi_uidivmod)
                  00002f60    00000040                            : extendsfdf2.S.obj (.text.__extendsfdf2)
                  00002fa0    00000040     music.o (.text.equal_tempered_frequency_hz)
                  00002fe0    0000003e     lcd1602.o (.text.hex_to_ascii)
                  0000301e    00000002     --HOLE-- [fill = 0]
                  00003020    0000003c     libclang_rt.builtins.a : comparesf2.S.obj (.text.__gtsf2)
                  0000305c    0000003c     libc.a : autoinit.c.obj (.text:__TI_auto_init_nobinit_nopinit)
                  00003098    0000003a     libclang_rt.builtins.a : comparesf2.S.obj (.text.__eqsf2)
                  000030d2    00000002     --HOLE-- [fill = 0]
                  000030d4    0000003a                            : muldsi3.S.obj (.text.__muldsi3)
                  0000310e    00000002     --HOLE-- [fill = 0]
                  00003110    00000038                            : fixsfsi.S.obj (.text.__fixsfsi)
                  00003148    00000038     LaunchPad.o (.text.launchpad_gpio_init)
                  00003180    00000034     clock.o (.text.msec_delay)
                  000031b4    00000032     libclang_rt.builtins.a : fixunssfsi.S.obj (.text.__fixunssfsi)
                  000031e6    00000002     --HOLE-- [fill = 0]
                  000031e8    00000030     LaunchPad.o (.text.motor0_init)
                  00003218    0000002c     libclang_rt.builtins.a : floatsidf.S.obj (.text.__floatsidf)
                  00003244    00000028                            : floatunsisf.S.obj (.text.__floatunsisf)
                  0000326c    00000028     lcd1602.o (.text.lcd_write_byte)
                  00003294    00000028     libc.a : boot_cortex_m.c.obj (.text:_c_int00_noargs)
                  000032bc    00000024     libclang_rt.builtins.a : floatunsidf.S.obj (.text.__floatunsidf)
                  000032e0    00000024     lcd1602.o (.text.lcd_write_string)
                  00003304    00000020     music.o (.text.Pitch_key_num)
                  00003324    00000020     uart.o (.text.UART_in_char)
                  00003344    00000020     music.o (.text.buzzer_play_pitch_forever)
                  00003364    00000020     lcd1602.o (.text.lcd_set_display_on)
                  00003384    00000018     music.o (.text.Pitch_frequency)
                  0000339c    00000018     lcd1602.o (.text.lcd_write_char)
                  000033b4    00000016     libc.a : k_rem_pio2.c.obj (.text.OUTLINED_FUNCTION_0)
                  000033ca    00000002     --HOLE-- [fill = 0]
                  000033cc    00000010     libclang_rt.builtins.a : adddf3.S.obj (.tramp.__aeabi_dadd.1)
                  000033dc    00000014     LaunchPad.o (.text.led_enable)
                  000033f0    00000014     LaunchPad.o (.text.motor0_set_pwm_count)
                  00003404    00000012     libc.a : memcpy16.S.obj (.text:TI_memcpy_small)
                  00003416    00000012            : copy_decompress_none.c.obj (.text:decompress:none)
                  00003428    00000010            : k_rem_pio2.c.obj (.text.OUTLINED_FUNCTION_2)
                  00003438    00000010     clock.o (.text.clock_delay)
                  00003448    00000010     LaunchPad.o (.text.motor0_pwm_disable)
                  00003458    00000010     LaunchPad.o (.text.motor0_pwm_enable)
                  00003468    0000000e     libc.a : s_sin.c.obj (.text.OUTLINED_FUNCTION_1)
                  00003476    00000002     --HOLE-- [fill = 0]
                  00003478    00000010     libclang_rt.builtins.a : adddf3.S.obj (.tramp.__aeabi_dsub.1)
                  00003488    0000000e     libc.a : s_sin.c.obj (.text.OUTLINED_FUNCTION_2)
                  00003496    0000000e     lcd1602.o (.text.lcd_clear)
                  000034a4    0000000c     music.o (.text.buzzer_off)
                  000034b0    0000000c     clock.o (.text.get_bus_clock_freq)
                  000034bc    0000000a     libc.a : e_pow.c.obj (.text.OUTLINED_FUNCTION_0)
                  000034c6    00000002     --HOLE-- [fill = 0]
                  000034c8    00000010     libclang_rt.builtins.a : muldf3.S.obj (.tramp.__aeabi_dmul.1)
                  000034d8    0000000a     libc.a : e_pow.c.obj (.text.OUTLINED_FUNCTION_1)
                  000034e2    0000000a            : k_rem_pio2.c.obj (.text.OUTLINED_FUNCTION_1)
                  000034ec    0000000a            : e_pow.c.obj (.text.OUTLINED_FUNCTION_6)
                  000034f6    0000000a     music.o (.text.buzzer_on)
                  00003500    00000008     libc.a : e_pow.c.obj (.text.OUTLINED_FUNCTION_2)
                  00003508    00000008            : aeabi_portable.c.obj (.text.__aeabi_errno_addr)
                  00003510    00000008     libclang_rt.builtins.a : aeabi_memcpy.S.obj (.text.__aeabi_memcpy)
                  00003518    00000008     music.o (.text.buzzer_init)
                  00003520    00000006     libc.a : k_cos.c.obj (.text.OUTLINED_FUNCTION_0)
                  00003526    00000006            : k_sin.c.obj (.text.OUTLINED_FUNCTION_0)
                  0000352c    00000006            : s_sin.c.obj (.text.OUTLINED_FUNCTION_0)
                  00003532    00000006            : e_pow.c.obj (.text.OUTLINED_FUNCTION_3)
                  00003538    00000006            : e_pow.c.obj (.text.OUTLINED_FUNCTION_4)
                  0000353e    00000006            : s_sin.c.obj (.text.OUTLINED_FUNCTION_4)
                  00003544    00000006            : e_pow.c.obj (.text.OUTLINED_FUNCTION_5)
                  0000354a    00000006            : s_sin.c.obj (.text.OUTLINED_FUNCTION_6)
                  00003550    00000006            : exit.c.obj (.text:abort)
                  00003556    00000004     libsysbm.a : hostexit.c.obj (.text.HOSTexit)
                  0000355a    00000004     startup_mspm0g3507_ticlang.o (.text.HardFault_Handler)
                  0000355e    00000004     libc.a : e_pow.c.obj (.text.OUTLINED_FUNCTION_10)
                  00003562    00000004            : s_sin.c.obj (.text.OUTLINED_FUNCTION_3)
                  00003566    00000004            : s_sin.c.obj (.text.OUTLINED_FUNCTION_5)
                  0000356a    00000004            : e_pow.c.obj (.text.OUTLINED_FUNCTION_7)
                  0000356e    00000004            : e_pow.c.obj (.text.OUTLINED_FUNCTION_8)
                  00003572    00000004            : e_pow.c.obj (.text.OUTLINED_FUNCTION_9)
                  00003576    00000004     startup_mspm0g3507_ticlang.o (.text.Reset_Handler)
                  0000357a    00000004     libc.a : pre_init.c.obj (.text._system_pre_init)
                  0000357e    00000002     --HOLE-- [fill = 0]

.cinit     0    00003780    00000020     
                  00003780    0000000c     (.cinit..data.load) [load image, compression = lzss]
                  0000378c    00000008     (__TI_handler_table)
                  00003794    00000008     (__TI_cinit_table)
                  0000379c    00000004     --HOLE-- [fill = 0]

.rodata    0    00003580    00000200     
                  00003580    00000108     libc.a : k_rem_pio2.c.obj (.rodata.ipio2)
                  00003688    00000060     LaunchPad.o (.rodata.led_config_data)
                  000036e8    00000040     libc.a : k_rem_pio2.c.obj (.rodata.PIo2)
                  00003728    00000030            : e_pow.c.obj (.rodata.cst16)
                  00003758    00000018     LaunchPad.o (.rodata.iic_config_data)
                  00003770    00000010     libc.a : k_rem_pio2.c.obj (.rodata.cst16)

.init_array 
*          0    00000000    00000000     UNINITIALIZED

.binit     0    00000000    00000000     

.data      0    20200800    0000000a     UNINITIALIZED
                  20200800    00000004     libc.a : aeabi_portable.c.obj (.data.__aeabi_errno)
                  20200804    00000004     clock.o (.data.g_bus_clock_freq)
                  20200808    00000001     main.o (.data.buzzer_play_midi.previous)
                  20200809    00000001     lcd1602.o (.data.g_lcd_backlight_mode)

.sysmem    0    20200000    00000800     UNINITIALIZED
                  20200000    00000010     libc.a : memory.c.obj (.sysmem)
                  20200010    000007f0     --HOLE--

.stack     0    20207e00    00000200     UNINITIALIZED
                  20207e00    00000004     libc.a : boot_cortex_m.c.obj (.stack)
                  20207e04    000001fc     --HOLE--

__llvm_prf_cnts 
*          0    20200000    00000000     UNINITIALIZED

__llvm_prf_bits 
*          0    20200000    00000000     UNINITIALIZED

MODULE SUMMARY

       Module                         code    ro data   rw data
       ------                         ----    -------   -------
    ./
       LaunchPad.o                    1332    120       0      
       lcd1602.o                      720     0         1      
       clock.o                        440     0         4      
       main.o                         388     0         1      
       music.o                        322     0         0      
       uart.o                         244     0         0      
    +--+------------------------------+-------+---------+---------+
       Total:                         3446    120       6      
                                                               
    ./ticlang/
       startup_mspm0g3507_ticlang.o   12      192       0      
    +--+------------------------------+-------+---------+---------+
       Total:                         12      192       0      
                                                               
    /Applications/ti/ccs2001/ccs/tools/compiler/ti-cgt-armllvm_4.0.4.LTS/lib/armv6m-ti-none-eabi/c/libc.a
       e_pow.c.obj                    2704    48        0      
       k_rem_pio2.c.obj               1652    344       0      
       s_sin.c.obj                    1166    0         0      
       e_sqrt.c.obj                   368     0         0      
       k_sin.c.obj                    366     0         0      
       k_cos.c.obj                    342     0         0      
       s_floor.c.obj                  324     0         0      
       s_scalbn.c.obj                 216     0         0      
       copy_decompress_lzss.c.obj     124     0         0      
       autoinit.c.obj                 60      0         0      
       boot_cortex_m.c.obj            40      0         0      
       copy_decompress_none.c.obj     18      0         0      
       memcpy16.S.obj                 18      0         0      
       aeabi_portable.c.obj           8       0         4      
       exit.c.obj                     6       0         0      
       pre_init.c.obj                 4       0         0      
    +--+------------------------------+-------+---------+---------+
       Total:                         7416    392       4      
                                                               
    /Applications/ti/ccs2001/ccs/tools/compiler/ti-cgt-armllvm_4.0.4.LTS/lib/armv6m-ti-none-eabi/c/libsysbm.a
       hostexit.c.obj                 4       0         0      
    +--+------------------------------+-------+---------+---------+
       Total:                         4       0         0      
                                                               
    /Applications/ti/ccs2001/ccs/tools/compiler/ti-cgt-armllvm_4.0.4.LTS/lib/armv6m-ti-none-eabi/libclang_rt.builtins.a
       adddf3.S.obj                   434     0         0      
       divdf3.S.obj                   268     0         0      
       muldf3.S.obj                   244     0         0      
       comparedf2.c.obj               220     0         0      
       addsf3.S.obj                   216     0         0      
       mulsf3.S.obj                   140     0         0      
       comparesf2.S.obj               118     0         0      
       truncdfsf2.S.obj               116     0         0      
       aeabi_dcmp.S.obj               98      0         0      
       aeabi_fcmp.S.obj               98      0         0      
       aeabi_idivmod.S.obj            86      0         0      
       fixdfsi.S.obj                  74      0         0      
       fixunsdfsi.S.obj               66      0         0      
       aeabi_uidivmod.S.obj           64      0         0      
       extendsfdf2.S.obj              64      0         0      
       muldsi3.S.obj                  58      0         0      
       fixsfsi.S.obj                  56      0         0      
       fixunssfsi.S.obj               50      0         0      
       floatsidf.S.obj                44      0         0      
       floatunsisf.S.obj              40      0         0      
       floatunsidf.S.obj              36      0         0      
       aeabi_memcpy.S.obj             8       0         0      
       aeabi_div0.c.obj               2       0         0      
    +--+------------------------------+-------+---------+---------+
       Total:                         2600    0         0      
                                                               
       Heap:                          0       0         2048   
       Stack:                         0       0         512    
       Linker Generated:              0       28        0      
    +--+------------------------------+-------+---------+---------+
       Grand Total:                   13478   732       2570   


LINKER GENERATED COPY TABLES

__TI_cinit_table @ 00003794 records: 1, size/record: 8, table size: 8
	.data: load addr=00003780, load size=0000000c bytes, run addr=20200800, run size=0000000a bytes, compression=lzss


LINKER GENERATED HANDLER TABLE

__TI_handler_table @ 0000378c records: 2, size/record: 4, table size: 8
	index: 0, handler: __TI_decompress_lzss
	index: 1, handler: __TI_decompress_none


FAR CALL TRAMPOLINES

callee name               trampoline name
   callee addr  tramp addr   call addr  call info
--------------  -----------  ---------  ----------------
__aeabi_dadd              $Tramp$TT$L$PI$$__aeabi_dadd
   000015af     000033cc     000033c8   libc.a : k_rem_pio2.c.obj (.text.OUTLINED_FUNCTION_0)
                             000034ea          : k_rem_pio2.c.obj (.text.OUTLINED_FUNCTION_1)
                             00003530          : s_sin.c.obj (.text.OUTLINED_FUNCTION_0)
                             00003536          : e_pow.c.obj (.text.OUTLINED_FUNCTION_3)
                             00003560          : e_pow.c.obj (.text.OUTLINED_FUNCTION_10)
                             00003564          : s_sin.c.obj (.text.OUTLINED_FUNCTION_3)
                             0000356c          : e_pow.c.obj (.text.OUTLINED_FUNCTION_7)
                             00003574          : e_pow.c.obj (.text.OUTLINED_FUNCTION_9)
__aeabi_dsub              $Tramp$TT$L$PI$$__aeabi_dsub
   000015a5     00003478     00003474   libc.a : s_sin.c.obj (.text.OUTLINED_FUNCTION_1)
                             00003494          : s_sin.c.obj (.text.OUTLINED_FUNCTION_2)
                             00003506          : e_pow.c.obj (.text.OUTLINED_FUNCTION_2)
                             0000354e          : s_sin.c.obj (.text.OUTLINED_FUNCTION_6)
                             00003568          : s_sin.c.obj (.text.OUTLINED_FUNCTION_5)
__aeabi_dmul              $Tramp$TT$L$PI$$__aeabi_dmul
   00001f19     000034c8     000034c4   libc.a : e_pow.c.obj (.text.OUTLINED_FUNCTION_0)
                             000034e0          : e_pow.c.obj (.text.OUTLINED_FUNCTION_1)
                             000034f4          : e_pow.c.obj (.text.OUTLINED_FUNCTION_6)
                             00003524          : k_cos.c.obj (.text.OUTLINED_FUNCTION_0)
                             0000352a          : k_sin.c.obj (.text.OUTLINED_FUNCTION_0)
                             0000353c          : e_pow.c.obj (.text.OUTLINED_FUNCTION_4)
                             00003542          : s_sin.c.obj (.text.OUTLINED_FUNCTION_4)
                             00003548          : e_pow.c.obj (.text.OUTLINED_FUNCTION_5)
                             00003570          : e_pow.c.obj (.text.OUTLINED_FUNCTION_8)

[3 trampolines]
[22 trampoline calls]


GLOBAL SYMBOLS: SORTED ALPHABETICALLY BY Name 

address   name                          
-------   ----                          
00002bdd  ADC0_IRQHandler               
00002bdd  ADC1_IRQHandler               
00002bdd  AES_IRQHandler                
00003556  C$$EXIT                       
00002bdd  CANFD0_IRQHandler             
00002bdd  DAC0_IRQHandler               
00002bdd  DMA_IRQHandler                
00002bdd  Default_Handler               
00002bdd  GROUP0_IRQHandler             
00002bdd  GROUP1_IRQHandler             
00003557  HOSTexit                      
0000355b  HardFault_Handler             
00002bdd  I2C0_IRQHandler               
00002bdd  I2C1_IRQHandler               
000024d5  I2C_init                      
0000284d  I2C_send1                     
00002de1  MidiSignal_to_lcd             
00002bdd  NMI_Handler                   
00002bdd  PendSV_Handler                
00003385  Pitch_frequency               
00003305  Pitch_key_num                 
00002bdd  RTC_IRQHandler                
00003577  Reset_Handler                 
00002bdd  SPI0_IRQHandler               
00002bdd  SPI1_IRQHandler               
00002bdd  SVC_Handler                   
00002bdd  SysTick_Handler               
00002bdd  TIMA0_IRQHandler              
00002bdd  TIMA1_IRQHandler              
00002bdd  TIMG0_IRQHandler              
00002bdd  TIMG12_IRQHandler             
00002bdd  TIMG6_IRQHandler              
00002bdd  TIMG7_IRQHandler              
00002bdd  TIMG8_IRQHandler              
00003405  TI_memcpy_small               
00002bdd  UART0_IRQHandler              
00002bdd  UART1_IRQHandler              
00002bdd  UART2_IRQHandler              
00002bdd  UART3_IRQHandler              
00003325  UART_in_char                  
000021ad  UART_init                     
20208000  __STACK_END                   
00000200  __STACK_SIZE                  
00000800  __SYSMEM_SIZE                 
00000000  __TI_ATRegion0_region_sz      
00000000  __TI_ATRegion0_src_addr       
00000000  __TI_ATRegion0_trg_addr       
00000000  __TI_ATRegion1_region_sz      
00000000  __TI_ATRegion1_src_addr       
00000000  __TI_ATRegion1_trg_addr       
00000000  __TI_ATRegion2_region_sz      
00000000  __TI_ATRegion2_src_addr       
00000000  __TI_ATRegion2_trg_addr       
00003794  __TI_CINIT_Base               
0000379c  __TI_CINIT_Limit              
0000379c  __TI_CINIT_Warm               
0000378c  __TI_Handler_Table_Base       
00003794  __TI_Handler_Table_Limit      
0000305d  __TI_auto_init_nobinit_nopinit
00002a75  __TI_decompress_lzss          
00003417  __TI_decompress_none          
ffffffff  __TI_pprof_out_hndl           
ffffffff  __TI_prof_data_size           
ffffffff  __TI_prof_data_start          
00000000  __TI_static_base__            
000015af  __adddf3                      
000020df  __addsf3                      
00002be1  __aeabi_d2f                   
00002e91  __aeabi_d2iz                  
00002edd  __aeabi_d2uiz                 
000015af  __aeabi_dadd                  
00002cbd  __aeabi_dcmpeq                
00002cf9  __aeabi_dcmpge                
00002d0d  __aeabi_dcmpgt                
00002ce5  __aeabi_dcmple                
00002cd1  __aeabi_dcmplt                
00001e0d  __aeabi_ddiv                  
00001f19  __aeabi_dmul                  
000015a5  __aeabi_dsub                  
20200800  __aeabi_errno                 
00003509  __aeabi_errno_addr            
00002f61  __aeabi_f2d                   
00003111  __aeabi_f2iz                  
000031b5  __aeabi_f2uiz                 
000020df  __aeabi_fadd                  
00002d21  __aeabi_fcmpeq                
00002d5d  __aeabi_fcmpge                
00002d71  __aeabi_fcmpgt                
00002d49  __aeabi_fcmple                
00002d35  __aeabi_fcmplt                
000028e1  __aeabi_fmul                  
000020d5  __aeabi_fsub                  
00003219  __aeabi_i2d                   
00002e39  __aeabi_idiv                  
00001737  __aeabi_idiv0                 
00002e39  __aeabi_idivmod               
00003511  __aeabi_memcpy                
00003511  __aeabi_memcpy4               
00003511  __aeabi_memcpy8               
000032bd  __aeabi_ui2d                  
00003245  __aeabi_ui2f                  
00002f21  __aeabi_uidiv                 
00002f21  __aeabi_uidivmod              
ffffffff  __binit__                     
00002c55  __cmpdf2                      
00003099  __cmpsf2                      
00001e0d  __divdf3                      
00002c55  __eqdf2                       
00003099  __eqsf2                       
00002f61  __extendsfdf2                 
00002e91  __fixdfsi                     
00003111  __fixsfsi                     
00002edd  __fixunsdfsi                  
000031b5  __fixunssfsi                  
00003219  __floatsidf                   
000032bd  __floatunsidf                 
00003245  __floatunsisf                 
00002b69  __gedf2                       
00003021  __gesf2                       
00002b69  __gtdf2                       
00003021  __gtsf2                       
00001b79  __kernel_cos                  
00000b09  __kernel_rem_pio2             
000018a9  __kernel_sin                  
00002c55  __ledf2                       
00003099  __lesf2                       
00002c55  __ltdf2                       
00003099  __ltsf2                       
UNDEFED   __mpu_init                    
00001f19  __muldf3                      
000030d5  __muldsi3                     
000028e1  __mulsf3                      
00002c55  __nedf2                       
00003099  __nesf2                       
20207e00  __stack                       
20200000  __start___llvm_prf_bits       
20200000  __start___llvm_prf_cnts       
20200000  __stop___llvm_prf_bits        
20200000  __stop___llvm_prf_cnts        
000015a5  __subdf3                      
000020d5  __subsf3                      
00002be1  __truncdfsf2                  
00003295  _c_int00_noargs               
20200000  _sys_memory                   
UNDEFED   _system_post_cinit            
0000357b  _system_pre_init              
00003551  abort                         
ffffffff  binit                         
00003519  buzzer_init                   
000034a5  buzzer_off                    
000034f7  buzzer_on                     
0000296d  buzzer_play_freq              
00002af1  buzzer_play_midi              
00003345  buzzer_play_pitch_forever     
000029f9  byte_to_ascii                 
00003439  clock_delay                   
00001a11  clock_init_40mhz              
00002fa1  equal_tempered_frequency_hz   
00001cc9  floor                         
00001cc9  floorl                        
20200804  g_bus_clock_freq              
000034b1  get_bus_clock_freq            
00002fe1  hex_to_ascii                  
00003758  iic_config_data               
00000000  interruptVectors              
00003149  launchpad_gpio_init           
00002351  lcd1602_init                  
00002415  lcd1602_write                 
00003497  lcd_clear                     
00003365  lcd_set_display_on            
0000326d  lcd_write_byte                
0000339d  lcd_write_char                
000032e1  lcd_write_string              
00001ffd  ldexp                         
00001ffd  ldexpl                        
00003688  led_config_data               
000033dd  led_enable                    
000027a5  led_init                      
00002591  led_on                        
00002281  leds_off                      
00002645  main                          
000031e9  motor0_init                   
00003449  motor0_pwm_disable            
00003459  motor0_pwm_enable             
000026f9  motor0_pwm_init               
000033f1  motor0_set_pwm_count          
00003181  msec_delay                    
000000c1  pow                           
000000c1  powl                          
00001ffd  scalbn                        
00001ffd  scalbnl                       
0000114d  sin                           
0000114d  sinl                          
00001739  sqrt                          
00001739  sqrtl                         


GLOBAL SYMBOLS: SORTED BY Symbol Address 

address   name                          
-------   ----                          
00000000  __TI_ATRegion0_region_sz      
00000000  __TI_ATRegion0_src_addr       
00000000  __TI_ATRegion0_trg_addr       
00000000  __TI_ATRegion1_region_sz      
00000000  __TI_ATRegion1_src_addr       
00000000  __TI_ATRegion1_trg_addr       
00000000  __TI_ATRegion2_region_sz      
00000000  __TI_ATRegion2_src_addr       
00000000  __TI_ATRegion2_trg_addr       
00000000  __TI_static_base__            
00000000  interruptVectors              
000000c1  pow                           
000000c1  powl                          
00000200  __STACK_SIZE                  
00000800  __SYSMEM_SIZE                 
00000b09  __kernel_rem_pio2             
0000114d  sin                           
0000114d  sinl                          
000015a5  __aeabi_dsub                  
000015a5  __subdf3                      
000015af  __adddf3                      
000015af  __aeabi_dadd                  
00001737  __aeabi_idiv0                 
00001739  sqrt                          
00001739  sqrtl                         
000018a9  __kernel_sin                  
00001a11  clock_init_40mhz              
00001b79  __kernel_cos                  
00001cc9  floor                         
00001cc9  floorl                        
00001e0d  __aeabi_ddiv                  
00001e0d  __divdf3                      
00001f19  __aeabi_dmul                  
00001f19  __muldf3                      
00001ffd  ldexp                         
00001ffd  ldexpl                        
00001ffd  scalbn                        
00001ffd  scalbnl                       
000020d5  __aeabi_fsub                  
000020d5  __subsf3                      
000020df  __addsf3                      
000020df  __aeabi_fadd                  
000021ad  UART_init                     
00002281  leds_off                      
00002351  lcd1602_init                  
00002415  lcd1602_write                 
000024d5  I2C_init                      
00002591  led_on                        
00002645  main                          
000026f9  motor0_pwm_init               
000027a5  led_init                      
0000284d  I2C_send1                     
000028e1  __aeabi_fmul                  
000028e1  __mulsf3                      
0000296d  buzzer_play_freq              
000029f9  byte_to_ascii                 
00002a75  __TI_decompress_lzss          
00002af1  buzzer_play_midi              
00002b69  __gedf2                       
00002b69  __gtdf2                       
00002bdd  ADC0_IRQHandler               
00002bdd  ADC1_IRQHandler               
00002bdd  AES_IRQHandler                
00002bdd  CANFD0_IRQHandler             
00002bdd  DAC0_IRQHandler               
00002bdd  DMA_IRQHandler                
00002bdd  Default_Handler               
00002bdd  GROUP0_IRQHandler             
00002bdd  GROUP1_IRQHandler             
00002bdd  I2C0_IRQHandler               
00002bdd  I2C1_IRQHandler               
00002bdd  NMI_Handler                   
00002bdd  PendSV_Handler                
00002bdd  RTC_IRQHandler                
00002bdd  SPI0_IRQHandler               
00002bdd  SPI1_IRQHandler               
00002bdd  SVC_Handler                   
00002bdd  SysTick_Handler               
00002bdd  TIMA0_IRQHandler              
00002bdd  TIMA1_IRQHandler              
00002bdd  TIMG0_IRQHandler              
00002bdd  TIMG12_IRQHandler             
00002bdd  TIMG6_IRQHandler              
00002bdd  TIMG7_IRQHandler              
00002bdd  TIMG8_IRQHandler              
00002bdd  UART0_IRQHandler              
00002bdd  UART1_IRQHandler              
00002bdd  UART2_IRQHandler              
00002bdd  UART3_IRQHandler              
00002be1  __aeabi_d2f                   
00002be1  __truncdfsf2                  
00002c55  __cmpdf2                      
00002c55  __eqdf2                       
00002c55  __ledf2                       
00002c55  __ltdf2                       
00002c55  __nedf2                       
00002cbd  __aeabi_dcmpeq                
00002cd1  __aeabi_dcmplt                
00002ce5  __aeabi_dcmple                
00002cf9  __aeabi_dcmpge                
00002d0d  __aeabi_dcmpgt                
00002d21  __aeabi_fcmpeq                
00002d35  __aeabi_fcmplt                
00002d49  __aeabi_fcmple                
00002d5d  __aeabi_fcmpge                
00002d71  __aeabi_fcmpgt                
00002de1  MidiSignal_to_lcd             
00002e39  __aeabi_idiv                  
00002e39  __aeabi_idivmod               
00002e91  __aeabi_d2iz                  
00002e91  __fixdfsi                     
00002edd  __aeabi_d2uiz                 
00002edd  __fixunsdfsi                  
00002f21  __aeabi_uidiv                 
00002f21  __aeabi_uidivmod              
00002f61  __aeabi_f2d                   
00002f61  __extendsfdf2                 
00002fa1  equal_tempered_frequency_hz   
00002fe1  hex_to_ascii                  
00003021  __gesf2                       
00003021  __gtsf2                       
0000305d  __TI_auto_init_nobinit_nopinit
00003099  __cmpsf2                      
00003099  __eqsf2                       
00003099  __lesf2                       
00003099  __ltsf2                       
00003099  __nesf2                       
000030d5  __muldsi3                     
00003111  __aeabi_f2iz                  
00003111  __fixsfsi                     
00003149  launchpad_gpio_init           
00003181  msec_delay                    
000031b5  __aeabi_f2uiz                 
000031b5  __fixunssfsi                  
000031e9  motor0_init                   
00003219  __aeabi_i2d                   
00003219  __floatsidf                   
00003245  __aeabi_ui2f                  
00003245  __floatunsisf                 
0000326d  lcd_write_byte                
00003295  _c_int00_noargs               
000032bd  __aeabi_ui2d                  
000032bd  __floatunsidf                 
000032e1  lcd_write_string              
00003305  Pitch_key_num                 
00003325  UART_in_char                  
00003345  buzzer_play_pitch_forever     
00003365  lcd_set_display_on            
00003385  Pitch_frequency               
0000339d  lcd_write_char                
000033dd  led_enable                    
000033f1  motor0_set_pwm_count          
00003405  TI_memcpy_small               
00003417  __TI_decompress_none          
00003439  clock_delay                   
00003449  motor0_pwm_disable            
00003459  motor0_pwm_enable             
00003497  lcd_clear                     
000034a5  buzzer_off                    
000034b1  get_bus_clock_freq            
000034f7  buzzer_on                     
00003509  __aeabi_errno_addr            
00003511  __aeabi_memcpy                
00003511  __aeabi_memcpy4               
00003511  __aeabi_memcpy8               
00003519  buzzer_init                   
00003551  abort                         
00003556  C$$EXIT                       
00003557  HOSTexit                      
0000355b  HardFault_Handler             
00003577  Reset_Handler                 
0000357b  _system_pre_init              
00003688  led_config_data               
00003758  iic_config_data               
0000378c  __TI_Handler_Table_Base       
00003794  __TI_CINIT_Base               
00003794  __TI_Handler_Table_Limit      
0000379c  __TI_CINIT_Limit              
0000379c  __TI_CINIT_Warm               
20200000  __start___llvm_prf_bits       
20200000  __start___llvm_prf_cnts       
20200000  __stop___llvm_prf_bits        
20200000  __stop___llvm_prf_cnts        
20200000  _sys_memory                   
20200800  __aeabi_errno                 
20200804  g_bus_clock_freq              
20207e00  __stack                       
20208000  __STACK_END                   
ffffffff  __TI_pprof_out_hndl           
ffffffff  __TI_prof_data_size           
ffffffff  __TI_prof_data_start          
ffffffff  __binit__                     
ffffffff  binit                         
UNDEFED   __mpu_init                    
UNDEFED   _system_post_cinit            

[195 symbols]
