******************************************************************************
            TI ARM Clang Linker Unix v4.0.4                    
******************************************************************************
>> Linked Wed Jan 21 11:41:58 2026

OUTPUT FILE NAME:   <default_project.out>
ENTRY POINT SYMBOL: "_c_int00_noargs"  address: 0000323d


MEMORY CONFIGURATION

         name            origin    length      used     unused   attr    fill
----------------------  --------  ---------  --------  --------  ----  --------
  FLASH                 00000000   00020000  00003770  0001c890  R  X
  SRAM                  20200000   00008000  00000a0a  000075f6  RW X
  BCR_CONFIG            41c00000   00000080  00000000  00000080  R   
  BSL_CONFIG            41c00100   00000080  00000000  00000080  R   


SEGMENT ALLOCATION MAP

run origin  load origin   length   init length attrs members
----------  ----------- ---------- ----------- ----- -------
00000000    00000000    00003770   00003770    r-x
  00000000    00000000    000000c0   000000c0    r-- .intvecs
  000000c0    000000c0    00003490   00003490    r-x .text
  00003550    00003550    00000200   00000200    r-- .rodata
  00003750    00003750    00000020   00000020    r-- .cinit
20200000    20200000    0000080a   00000000    rw-
  20200000    20200000    00000800   00000000    rw- .sysmem
  20200800    20200800    0000000a   00000000    rw- .data
20207e00    20207e00    00000200   00000000    rw-
  20207e00    20207e00    00000200   00000000    rw- .stack


SECTION ALLOCATION MAP

 output                                  attributes/
section   page    origin      length       input sections
--------  ----  ----------  ----------   ----------------
.intvecs   0    00000000    000000c0     
                  00000000    000000c0     startup_mspm0g3507_ticlang.o (.intvecs)

.text      0    000000c0    00003490     
                  000000c0    00000a48     libc.a : e_pow.c.obj (.text.pow)
                  00000b08    00000644            : k_rem_pio2.c.obj (.text.__kernel_rem_pio2)
                  0000114c    00000458            : s_sin.c.obj (.text.sin)
                  000015a4    00000192     libclang_rt.builtins.a : adddf3.S.obj (.text.adddf3_subdf3)
                  00001736    00000002                            : aeabi_div0.c.obj (.text.__aeabi_idiv0)
                  00001738    00000170     libc.a : e_sqrt.c.obj (.text.sqrt)
                  000018a8    00000168            : k_sin.c.obj (.text.__kernel_sin)
                  00001a10    00000168     clock.o (.text.clock_init_40mhz)
                  00001b78    00000150     libc.a : k_cos.c.obj (.text.__kernel_cos)
                  00001cc8    00000144            : s_floor.c.obj (.text.floor)
                  00001e0c    0000010c     libclang_rt.builtins.a : divdf3.S.obj (.text.__divdf3)
                  00001f18    000000e4                            : muldf3.S.obj (.text.__muldf3)
                  00001ffc    000000d8     libc.a : s_scalbn.c.obj (.text.scalbn)
                  000020d4    000000d8     libclang_rt.builtins.a : addsf3.S.obj (.text)
                  000021ac    000000d4     uart.o (.text.UART_init)
                  00002280    000000d0     LaunchPad.o (.text.leds_off)
                  00002350    000000c4     lcd1602.o (.text.lcd1602_init)
                  00002414    000000c0     lcd1602.o (.text.lcd1602_write)
                  000024d4    000000bc     LaunchPad.o (.text.I2C_init)
                  00002590    000000b4     LaunchPad.o (.text.led_on)
                  00002644    000000ac     LaunchPad.o (.text.motor0_pwm_init)
                  000026f0    000000a8     LaunchPad.o (.text.led_init)
                  00002798    00000094     LaunchPad.o (.text.I2C_send1)
                  0000282c    0000008c     libclang_rt.builtins.a : mulsf3.S.obj (.text.__mulsf3)
                  000028b8    0000008c     music.o (.text.buzzer_play_freq)
                  00002944    0000007c     lcd1602.o (.text.byte_to_ascii)
                  000029c0    0000007c     libc.a : copy_decompress_lzss.c.obj (.text:decompress:lzss)
                  00002a3c    00000078     main.o (.text.buzzer_play_midi)
                  00002ab4    00000074     libclang_rt.builtins.a : comparedf2.c.obj (.text.__gedf2)
                  00002b28    00000008     libc.a : aeabi_portable.c.obj (.text.__aeabi_errno_addr)
                  00002b30    00000074     libclang_rt.builtins.a : truncdfsf2.S.obj (.text.__truncdfsf2)
                  00002ba4    0000006c     main.o (.text.main)
                  00002c10    00000068     libclang_rt.builtins.a : comparedf2.c.obj (.text.__ledf2)
                  00002c78    00000062                            : aeabi_dcmp.S.obj (.text.__aeabi_dcmp)
                  00002cda    00000002     --HOLE-- [fill = 0]
                  00002cdc    00000062                            : aeabi_fcmp.S.obj (.text.__aeabi_fcmp)
                  00002d3e    00000002     --HOLE-- [fill = 0]
                  00002d40    0000005c     LaunchPad.o (.text.I2C_fill_tx_fifo)
                  00002d9c    00000056     libclang_rt.builtins.a : aeabi_idivmod.S.obj (.text.__aeabi_idivmod)
                  00002df2    00000002     --HOLE-- [fill = 0]
                  00002df4    0000004a                            : fixdfsi.S.obj (.text.__fixdfsi)
                  00002e3e    00000002     --HOLE-- [fill = 0]
                  00002e40    00000044     midi_to_lcd.o (.text)
                  00002e84    00000042     libclang_rt.builtins.a : fixunsdfsi.S.obj (.text.__fixunsdfsi)
                  00002ec6    00000002     --HOLE-- [fill = 0]
                  00002ec8    00000040                            : aeabi_uidivmod.S.obj (.text.__aeabi_uidivmod)
                  00002f08    00000040                            : extendsfdf2.S.obj (.text.__extendsfdf2)
                  00002f48    00000040     music.o (.text.equal_tempered_frequency_hz)
                  00002f88    0000003e     lcd1602.o (.text.hex_to_ascii)
                  00002fc6    00000002     --HOLE-- [fill = 0]
                  00002fc8    0000003c     libclang_rt.builtins.a : comparesf2.S.obj (.text.__gtsf2)
                  00003004    0000003c     libc.a : autoinit.c.obj (.text:__TI_auto_init_nobinit_nopinit)
                  00003040    0000003a     libclang_rt.builtins.a : comparesf2.S.obj (.text.__eqsf2)
                  0000307a    00000002     --HOLE-- [fill = 0]
                  0000307c    0000003a                            : muldsi3.S.obj (.text.__muldsi3)
                  000030b6    00000002     --HOLE-- [fill = 0]
                  000030b8    00000038                            : fixsfsi.S.obj (.text.__fixsfsi)
                  000030f0    00000038     LaunchPad.o (.text.launchpad_gpio_init)
                  00003128    00000034     clock.o (.text.msec_delay)
                  0000315c    00000032     libclang_rt.builtins.a : fixunssfsi.S.obj (.text.__fixunssfsi)
                  0000318e    00000002     --HOLE-- [fill = 0]
                  00003190    00000030     LaunchPad.o (.text.motor0_init)
                  000031c0    0000002c     libclang_rt.builtins.a : floatsidf.S.obj (.text.__floatsidf)
                  000031ec    00000028                            : floatunsisf.S.obj (.text.__floatunsisf)
                  00003214    00000028     lcd1602.o (.text.lcd_write_byte)
                  0000323c    00000028     libc.a : boot_cortex_m.c.obj (.text:_c_int00_noargs)
                  00003264    00000028     read_midi.o (.text)
                  0000328c    00000024     libclang_rt.builtins.a : floatunsidf.S.obj (.text.__floatunsidf)
                  000032b0    00000024     lcd1602.o (.text.lcd_write_string)
                  000032d4    00000020     music.o (.text.Pitch_key_num)
                  000032f4    00000020     uart.o (.text.UART_in_char)
                  00003314    00000020     music.o (.text.buzzer_play_pitch_forever)
                  00003334    00000020     lcd1602.o (.text.lcd_set_display_on)
                  00003354    00000018     music.o (.text.Pitch_frequency)
                  0000336c    00000018     lcd1602.o (.text.lcd_write_char)
                  00003384    00000016     libc.a : k_rem_pio2.c.obj (.text.OUTLINED_FUNCTION_0)
                  0000339a    00000002     --HOLE-- [fill = 0]
                  0000339c    00000010     libclang_rt.builtins.a : adddf3.S.obj (.tramp.__aeabi_dadd.1)
                  000033ac    00000014     LaunchPad.o (.text.led_enable)
                  000033c0    00000014     LaunchPad.o (.text.motor0_set_pwm_count)
                  000033d4    00000012     libc.a : memcpy16.S.obj (.text:TI_memcpy_small)
                  000033e6    00000012            : copy_decompress_none.c.obj (.text:decompress:none)
                  000033f8    00000010            : k_rem_pio2.c.obj (.text.OUTLINED_FUNCTION_2)
                  00003408    00000010     clock.o (.text.clock_delay)
                  00003418    00000010     LaunchPad.o (.text.motor0_pwm_disable)
                  00003428    00000010     LaunchPad.o (.text.motor0_pwm_enable)
                  00003438    0000000e     libc.a : s_sin.c.obj (.text.OUTLINED_FUNCTION_1)
                  00003446    00000002     --HOLE-- [fill = 0]
                  00003448    00000010     libclang_rt.builtins.a : adddf3.S.obj (.tramp.__aeabi_dsub.1)
                  00003458    0000000e     libc.a : s_sin.c.obj (.text.OUTLINED_FUNCTION_2)
                  00003466    0000000e     lcd1602.o (.text.lcd_clear)
                  00003474    0000000c     music.o (.text.buzzer_off)
                  00003480    0000000c     clock.o (.text.get_bus_clock_freq)
                  0000348c    0000000a     libc.a : e_pow.c.obj (.text.OUTLINED_FUNCTION_0)
                  00003496    00000002     --HOLE-- [fill = 0]
                  00003498    00000010     libclang_rt.builtins.a : muldf3.S.obj (.tramp.__aeabi_dmul.1)
                  000034a8    0000000a     libc.a : e_pow.c.obj (.text.OUTLINED_FUNCTION_1)
                  000034b2    0000000a            : k_rem_pio2.c.obj (.text.OUTLINED_FUNCTION_1)
                  000034bc    0000000a            : e_pow.c.obj (.text.OUTLINED_FUNCTION_6)
                  000034c6    0000000a     music.o (.text.buzzer_on)
                  000034d0    00000008     libc.a : e_pow.c.obj (.text.OUTLINED_FUNCTION_2)
                  000034d8    00000008     libclang_rt.builtins.a : aeabi_memcpy.S.obj (.text.__aeabi_memcpy)
                  000034e0    00000008     music.o (.text.buzzer_init)
                  000034e8    00000006     libc.a : k_cos.c.obj (.text.OUTLINED_FUNCTION_0)
                  000034ee    00000006            : k_sin.c.obj (.text.OUTLINED_FUNCTION_0)
                  000034f4    00000006            : s_sin.c.obj (.text.OUTLINED_FUNCTION_0)
                  000034fa    00000006            : e_pow.c.obj (.text.OUTLINED_FUNCTION_3)
                  00003500    00000006            : e_pow.c.obj (.text.OUTLINED_FUNCTION_4)
                  00003506    00000006            : s_sin.c.obj (.text.OUTLINED_FUNCTION_4)
                  0000350c    00000006            : e_pow.c.obj (.text.OUTLINED_FUNCTION_5)
                  00003512    00000006            : s_sin.c.obj (.text.OUTLINED_FUNCTION_6)
                  00003518    00000006            : exit.c.obj (.text:abort)
                  0000351e    00000004     startup_mspm0g3507_ticlang.o (.text.Default_Handler)
                  00003522    00000004     libsysbm.a : hostexit.c.obj (.text.HOSTexit)
                  00003526    00000004     startup_mspm0g3507_ticlang.o (.text.HardFault_Handler)
                  0000352a    00000004     libc.a : e_pow.c.obj (.text.OUTLINED_FUNCTION_10)
                  0000352e    00000004            : s_sin.c.obj (.text.OUTLINED_FUNCTION_3)
                  00003532    00000004            : s_sin.c.obj (.text.OUTLINED_FUNCTION_5)
                  00003536    00000004            : e_pow.c.obj (.text.OUTLINED_FUNCTION_7)
                  0000353a    00000004            : e_pow.c.obj (.text.OUTLINED_FUNCTION_8)
                  0000353e    00000004            : e_pow.c.obj (.text.OUTLINED_FUNCTION_9)
                  00003542    00000004     startup_mspm0g3507_ticlang.o (.text.Reset_Handler)
                  00003546    00000004     libc.a : pre_init.c.obj (.text._system_pre_init)
                  0000354a    00000006     --HOLE-- [fill = 0]

.cinit     0    00003750    00000020     
                  00003750    0000000c     (.cinit..data.load) [load image, compression = lzss]
                  0000375c    00000008     (__TI_handler_table)
                  00003764    00000008     (__TI_cinit_table)
                  0000376c    00000004     --HOLE-- [fill = 0]

.rodata    0    00003550    00000200     
                  00003550    00000108     libc.a : k_rem_pio2.c.obj (.rodata.ipio2)
                  00003658    00000060     LaunchPad.o (.rodata.led_config_data)
                  000036b8    00000040     libc.a : k_rem_pio2.c.obj (.rodata.PIo2)
                  000036f8    00000030            : e_pow.c.obj (.rodata.cst16)
                  00003728    00000018     LaunchPad.o (.rodata.iic_config_data)
                  00003740    00000010     libc.a : k_rem_pio2.c.obj (.rodata.cst16)

.init_array 
*          0    00000000    00000000     UNINITIALIZED

.binit     0    00000000    00000000     

.data      0    20200800    0000000a     UNINITIALIZED
                  20200800    00000004     libc.a : aeabi_portable.c.obj (.data.__aeabi_errno)
                  20200804    00000004     clock.o (.data.g_bus_clock_freq)
                  20200808    00000001     main.o (.data.buzzer_play_midi.previous)
                  20200809    00000001     lcd1602.o (.data.g_lcd_backlight_mode)

.sysmem    0    20200000    00000800     UNINITIALIZED
                  20200000    00000010     libc.a : memory.c.obj (.sysmem)
                  20200010    000007f0     --HOLE--

.stack     0    20207e00    00000200     UNINITIALIZED
                  20207e00    00000004     libc.a : boot_cortex_m.c.obj (.stack)
                  20207e04    000001fc     --HOLE--

__llvm_prf_cnts 
*          0    20200000    00000000     UNINITIALIZED

__llvm_prf_bits 
*          0    20200000    00000000     UNINITIALIZED

MODULE SUMMARY

       Module                         code    ro data   rw data
       ------                         ----    -------   -------
    ./
       LaunchPad.o                    1332    120       0      
       lcd1602.o                      720     0         1      
       clock.o                        440     0         4      
       music.o                        322     0         0      
       uart.o                         244     0         0      
       main.o                         228     0         1      
       midi_to_lcd.o                  68      0         0      
       read_midi.o                    40      0         0      
    +--+------------------------------+-------+---------+---------+
       Total:                         3394    120       6      
                                                               
    ./ticlang/
       startup_mspm0g3507_ticlang.o   12      192       0      
    +--+------------------------------+-------+---------+---------+
       Total:                         12      192       0      
                                                               
    /Applications/ti/ccs2001/ccs/tools/compiler/ti-cgt-armllvm_4.0.4.LTS/lib/armv6m-ti-none-eabi/c/libc.a
       e_pow.c.obj                    2704    48        0      
       k_rem_pio2.c.obj               1652    344       0      
       s_sin.c.obj                    1166    0         0      
       e_sqrt.c.obj                   368     0         0      
       k_sin.c.obj                    366     0         0      
       k_cos.c.obj                    342     0         0      
       s_floor.c.obj                  324     0         0      
       s_scalbn.c.obj                 216     0         0      
       copy_decompress_lzss.c.obj     124     0         0      
       autoinit.c.obj                 60      0         0      
       boot_cortex_m.c.obj            40      0         0      
       copy_decompress_none.c.obj     18      0         0      
       memcpy16.S.obj                 18      0         0      
       aeabi_portable.c.obj           8       0         4      
       exit.c.obj                     6       0         0      
       pre_init.c.obj                 4       0         0      
    +--+------------------------------+-------+---------+---------+
       Total:                         7416    392       4      
                                                               
    /Applications/ti/ccs2001/ccs/tools/compiler/ti-cgt-armllvm_4.0.4.LTS/lib/armv6m-ti-none-eabi/c/libsysbm.a
       hostexit.c.obj                 4       0         0      
    +--+------------------------------+-------+---------+---------+
       Total:                         4       0         0      
                                                               
    /Applications/ti/ccs2001/ccs/tools/compiler/ti-cgt-armllvm_4.0.4.LTS/lib/armv6m-ti-none-eabi/libclang_rt.builtins.a
       adddf3.S.obj                   434     0         0      
       divdf3.S.obj                   268     0         0      
       muldf3.S.obj                   244     0         0      
       comparedf2.c.obj               220     0         0      
       addsf3.S.obj                   216     0         0      
       mulsf3.S.obj                   140     0         0      
       comparesf2.S.obj               118     0         0      
       truncdfsf2.S.obj               116     0         0      
       aeabi_dcmp.S.obj               98      0         0      
       aeabi_fcmp.S.obj               98      0         0      
       aeabi_idivmod.S.obj            86      0         0      
       fixdfsi.S.obj                  74      0         0      
       fixunsdfsi.S.obj               66      0         0      
       aeabi_uidivmod.S.obj           64      0         0      
       extendsfdf2.S.obj              64      0         0      
       muldsi3.S.obj                  58      0         0      
       fixsfsi.S.obj                  56      0         0      
       fixunssfsi.S.obj               50      0         0      
       floatsidf.S.obj                44      0         0      
       floatunsisf.S.obj              40      0         0      
       floatunsidf.S.obj              36      0         0      
       aeabi_memcpy.S.obj             8       0         0      
       aeabi_div0.c.obj               2       0         0      
    +--+------------------------------+-------+---------+---------+
       Total:                         2600    0         0      
                                                               
       Heap:                          0       0         2048   
       Stack:                         0       0         512    
       Linker Generated:              0       28        0      
    +--+------------------------------+-------+---------+---------+
       Grand Total:                   13426   732       2570   


LINKER GENERATED COPY TABLES

__TI_cinit_table @ 00003764 records: 1, size/record: 8, table size: 8
	.data: load addr=00003750, load size=0000000c bytes, run addr=20200800, run size=0000000a bytes, compression=lzss


LINKER GENERATED HANDLER TABLE

__TI_handler_table @ 0000375c records: 2, size/record: 4, table size: 8
	index: 0, handler: __TI_decompress_lzss
	index: 1, handler: __TI_decompress_none


FAR CALL TRAMPOLINES

callee name               trampoline name
   callee addr  tramp addr   call addr  call info
--------------  -----------  ---------  ----------------
__aeabi_dadd              $Tramp$TT$L$PI$$__aeabi_dadd
   000015af     0000339c     00003398   libc.a : k_rem_pio2.c.obj (.text.OUTLINED_FUNCTION_0)
                             000034ba          : k_rem_pio2.c.obj (.text.OUTLINED_FUNCTION_1)
                             000034f8          : s_sin.c.obj (.text.OUTLINED_FUNCTION_0)
                             000034fe          : e_pow.c.obj (.text.OUTLINED_FUNCTION_3)
                             0000352c          : e_pow.c.obj (.text.OUTLINED_FUNCTION_10)
                             00003530          : s_sin.c.obj (.text.OUTLINED_FUNCTION_3)
                             00003538          : e_pow.c.obj (.text.OUTLINED_FUNCTION_7)
                             00003540          : e_pow.c.obj (.text.OUTLINED_FUNCTION_9)
__aeabi_dsub              $Tramp$TT$L$PI$$__aeabi_dsub
   000015a5     00003448     00003444   libc.a : s_sin.c.obj (.text.OUTLINED_FUNCTION_1)
                             00003464          : s_sin.c.obj (.text.OUTLINED_FUNCTION_2)
                             000034d6          : e_pow.c.obj (.text.OUTLINED_FUNCTION_2)
                             00003516          : s_sin.c.obj (.text.OUTLINED_FUNCTION_6)
                             00003534          : s_sin.c.obj (.text.OUTLINED_FUNCTION_5)
__aeabi_dmul              $Tramp$TT$L$PI$$__aeabi_dmul
   00001f19     00003498     00003494   libc.a : e_pow.c.obj (.text.OUTLINED_FUNCTION_0)
                             000034b0          : e_pow.c.obj (.text.OUTLINED_FUNCTION_1)
                             000034c4          : e_pow.c.obj (.text.OUTLINED_FUNCTION_6)
                             000034ec          : k_cos.c.obj (.text.OUTLINED_FUNCTION_0)
                             000034f2          : k_sin.c.obj (.text.OUTLINED_FUNCTION_0)
                             00003504          : e_pow.c.obj (.text.OUTLINED_FUNCTION_4)
                             0000350a          : s_sin.c.obj (.text.OUTLINED_FUNCTION_4)
                             00003510          : e_pow.c.obj (.text.OUTLINED_FUNCTION_5)
                             0000353c          : e_pow.c.obj (.text.OUTLINED_FUNCTION_8)

[3 trampolines]
[22 trampoline calls]


GLOBAL SYMBOLS: SORTED ALPHABETICALLY BY Name 

address   name                          
-------   ----                          
0000351f  ADC0_IRQHandler               
0000351f  ADC1_IRQHandler               
0000351f  AES_IRQHandler                
00003522  C$$EXIT                       
0000351f  CANFD0_IRQHandler             
0000351f  DAC0_IRQHandler               
0000351f  DMA_IRQHandler                
0000351f  Default_Handler               
0000351f  GROUP0_IRQHandler             
0000351f  GROUP1_IRQHandler             
00003523  HOSTexit                      
00003527  HardFault_Handler             
0000351f  I2C0_IRQHandler               
0000351f  I2C1_IRQHandler               
000024d5  I2C_init                      
00002799  I2C_send1                     
0000351f  NMI_Handler                   
0000351f  PendSV_Handler                
00003355  Pitch_frequency               
000032d5  Pitch_key_num                 
0000351f  RTC_IRQHandler                
00003543  Reset_Handler                 
0000351f  SPI0_IRQHandler               
0000351f  SPI1_IRQHandler               
0000351f  SVC_Handler                   
0000351f  SysTick_Handler               
0000351f  TIMA0_IRQHandler              
0000351f  TIMA1_IRQHandler              
0000351f  TIMG0_IRQHandler              
0000351f  TIMG12_IRQHandler             
0000351f  TIMG6_IRQHandler              
0000351f  TIMG7_IRQHandler              
0000351f  TIMG8_IRQHandler              
000033d5  TI_memcpy_small               
0000351f  UART0_IRQHandler              
0000351f  UART1_IRQHandler              
0000351f  UART2_IRQHandler              
0000351f  UART3_IRQHandler              
000032f5  UART_in_char                  
000021ad  UART_init                     
20208000  __STACK_END                   
00000200  __STACK_SIZE                  
00000800  __SYSMEM_SIZE                 
00000000  __TI_ATRegion0_region_sz      
00000000  __TI_ATRegion0_src_addr       
00000000  __TI_ATRegion0_trg_addr       
00000000  __TI_ATRegion1_region_sz      
00000000  __TI_ATRegion1_src_addr       
00000000  __TI_ATRegion1_trg_addr       
00000000  __TI_ATRegion2_region_sz      
00000000  __TI_ATRegion2_src_addr       
00000000  __TI_ATRegion2_trg_addr       
00003764  __TI_CINIT_Base               
0000376c  __TI_CINIT_Limit              
0000376c  __TI_CINIT_Warm               
0000375c  __TI_Handler_Table_Base       
00003764  __TI_Handler_Table_Limit      
00003005  __TI_auto_init_nobinit_nopinit
000029c1  __TI_decompress_lzss          
000033e7  __TI_decompress_none          
ffffffff  __TI_pprof_out_hndl           
ffffffff  __TI_prof_data_size           
ffffffff  __TI_prof_data_start          
00000000  __TI_static_base__            
000015af  __adddf3                      
000020df  __addsf3                      
00002b31  __aeabi_d2f                   
00002df5  __aeabi_d2iz                  
00002e85  __aeabi_d2uiz                 
000015af  __aeabi_dadd                  
00002c79  __aeabi_dcmpeq                
00002cb5  __aeabi_dcmpge                
00002cc9  __aeabi_dcmpgt                
00002ca1  __aeabi_dcmple                
00002c8d  __aeabi_dcmplt                
00001e0d  __aeabi_ddiv                  
00001f19  __aeabi_dmul                  
000015a5  __aeabi_dsub                  
20200800  __aeabi_errno                 
00002b29  __aeabi_errno_addr            
00002f09  __aeabi_f2d                   
000030b9  __aeabi_f2iz                  
0000315d  __aeabi_f2uiz                 
000020df  __aeabi_fadd                  
00002cdd  __aeabi_fcmpeq                
00002d19  __aeabi_fcmpge                
00002d2d  __aeabi_fcmpgt                
00002d05  __aeabi_fcmple                
00002cf1  __aeabi_fcmplt                
0000282d  __aeabi_fmul                  
000020d5  __aeabi_fsub                  
000031c1  __aeabi_i2d                   
00002d9d  __aeabi_idiv                  
00001737  __aeabi_idiv0                 
00002d9d  __aeabi_idivmod               
000034d9  __aeabi_memcpy                
000034d9  __aeabi_memcpy4               
000034d9  __aeabi_memcpy8               
0000328d  __aeabi_ui2d                  
000031ed  __aeabi_ui2f                  
00002ec9  __aeabi_uidiv                 
00002ec9  __aeabi_uidivmod              
ffffffff  __binit__                     
00002c11  __cmpdf2                      
00003041  __cmpsf2                      
00001e0d  __divdf3                      
00002c11  __eqdf2                       
00003041  __eqsf2                       
00002f09  __extendsfdf2                 
00002df5  __fixdfsi                     
000030b9  __fixsfsi                     
00002e85  __fixunsdfsi                  
0000315d  __fixunssfsi                  
000031c1  __floatsidf                   
0000328d  __floatunsidf                 
000031ed  __floatunsisf                 
00002ab5  __gedf2                       
00002fc9  __gesf2                       
00002ab5  __gtdf2                       
00002fc9  __gtsf2                       
00001b79  __kernel_cos                  
00000b09  __kernel_rem_pio2             
000018a9  __kernel_sin                  
00002c11  __ledf2                       
00003041  __lesf2                       
00002c11  __ltdf2                       
00003041  __ltsf2                       
UNDEFED   __mpu_init                    
00001f19  __muldf3                      
0000307d  __muldsi3                     
0000282d  __mulsf3                      
00002c11  __nedf2                       
00003041  __nesf2                       
20207e00  __stack                       
20200000  __start___llvm_prf_bits       
20200000  __start___llvm_prf_cnts       
20200000  __stop___llvm_prf_bits        
20200000  __stop___llvm_prf_cnts        
000015a5  __subdf3                      
000020d5  __subsf3                      
00002b31  __truncdfsf2                  
0000323d  _c_int00_noargs               
20200000  _sys_memory                   
UNDEFED   _system_post_cinit            
00003547  _system_pre_init              
00003519  abort                         
ffffffff  binit                         
000034e1  buzzer_init                   
00003475  buzzer_off                    
000034c7  buzzer_on                     
000028b9  buzzer_play_freq              
00002a3d  buzzer_play_midi              
00003315  buzzer_play_pitch_forever     
00002945  byte_to_ascii                 
00003409  clock_delay                   
00001a11  clock_init_40mhz              
00002f49  equal_tempered_frequency_hz   
00001cc9  floor                         
00001cc9  floorl                        
20200804  g_bus_clock_freq              
00003481  get_bus_clock_freq            
00002f89  hex_to_ascii                  
00003728  iic_config_data               
00000000  interruptVectors              
000030f1  launchpad_gpio_init           
00002351  lcd1602_init                  
00002415  lcd1602_write                 
00003467  lcd_clear                     
00003335  lcd_set_display_on            
00003215  lcd_write_byte                
0000336d  lcd_write_char                
000032b1  lcd_write_string              
00001ffd  ldexp                         
00001ffd  ldexpl                        
00003658  led_config_data               
000033ad  led_enable                    
000026f1  led_init                      
00002591  led_on                        
00002281  leds_off                      
00002ba5  main                          
00002e40  midi_to_lcd                   
00003191  motor0_init                   
00003419  motor0_pwm_disable            
00003429  motor0_pwm_enable             
00002645  motor0_pwm_init               
000033c1  motor0_set_pwm_count          
00003129  msec_delay                    
000000c1  pow                           
000000c1  powl                          
00003264  read_midi                     
00001ffd  scalbn                        
00001ffd  scalbnl                       
0000114d  sin                           
0000114d  sinl                          
00001739  sqrt                          
00001739  sqrtl                         


GLOBAL SYMBOLS: SORTED BY Symbol Address 

address   name                          
-------   ----                          
00000000  __TI_ATRegion0_region_sz      
00000000  __TI_ATRegion0_src_addr       
00000000  __TI_ATRegion0_trg_addr       
00000000  __TI_ATRegion1_region_sz      
00000000  __TI_ATRegion1_src_addr       
00000000  __TI_ATRegion1_trg_addr       
00000000  __TI_ATRegion2_region_sz      
00000000  __TI_ATRegion2_src_addr       
00000000  __TI_ATRegion2_trg_addr       
00000000  __TI_static_base__            
00000000  interruptVectors              
000000c1  pow                           
000000c1  powl                          
00000200  __STACK_SIZE                  
00000800  __SYSMEM_SIZE                 
00000b09  __kernel_rem_pio2             
0000114d  sin                           
0000114d  sinl                          
000015a5  __aeabi_dsub                  
000015a5  __subdf3                      
000015af  __adddf3                      
000015af  __aeabi_dadd                  
00001737  __aeabi_idiv0                 
00001739  sqrt                          
00001739  sqrtl                         
000018a9  __kernel_sin                  
00001a11  clock_init_40mhz              
00001b79  __kernel_cos                  
00001cc9  floor                         
00001cc9  floorl                        
00001e0d  __aeabi_ddiv                  
00001e0d  __divdf3                      
00001f19  __aeabi_dmul                  
00001f19  __muldf3                      
00001ffd  ldexp                         
00001ffd  ldexpl                        
00001ffd  scalbn                        
00001ffd  scalbnl                       
000020d5  __aeabi_fsub                  
000020d5  __subsf3                      
000020df  __addsf3                      
000020df  __aeabi_fadd                  
000021ad  UART_init                     
00002281  leds_off                      
00002351  lcd1602_init                  
00002415  lcd1602_write                 
000024d5  I2C_init                      
00002591  led_on                        
00002645  motor0_pwm_init               
000026f1  led_init                      
00002799  I2C_send1                     
0000282d  __aeabi_fmul                  
0000282d  __mulsf3                      
000028b9  buzzer_play_freq              
00002945  byte_to_ascii                 
000029c1  __TI_decompress_lzss          
00002a3d  buzzer_play_midi              
00002ab5  __gedf2                       
00002ab5  __gtdf2                       
00002b29  __aeabi_errno_addr            
00002b31  __aeabi_d2f                   
00002b31  __truncdfsf2                  
00002ba5  main                          
00002c11  __cmpdf2                      
00002c11  __eqdf2                       
00002c11  __ledf2                       
00002c11  __ltdf2                       
00002c11  __nedf2                       
00002c79  __aeabi_dcmpeq                
00002c8d  __aeabi_dcmplt                
00002ca1  __aeabi_dcmple                
00002cb5  __aeabi_dcmpge                
00002cc9  __aeabi_dcmpgt                
00002cdd  __aeabi_fcmpeq                
00002cf1  __aeabi_fcmplt                
00002d05  __aeabi_fcmple                
00002d19  __aeabi_fcmpge                
00002d2d  __aeabi_fcmpgt                
00002d9d  __aeabi_idiv                  
00002d9d  __aeabi_idivmod               
00002df5  __aeabi_d2iz                  
00002df5  __fixdfsi                     
00002e40  midi_to_lcd                   
00002e85  __aeabi_d2uiz                 
00002e85  __fixunsdfsi                  
00002ec9  __aeabi_uidiv                 
00002ec9  __aeabi_uidivmod              
00002f09  __aeabi_f2d                   
00002f09  __extendsfdf2                 
00002f49  equal_tempered_frequency_hz   
00002f89  hex_to_ascii                  
00002fc9  __gesf2                       
00002fc9  __gtsf2                       
00003005  __TI_auto_init_nobinit_nopinit
00003041  __cmpsf2                      
00003041  __eqsf2                       
00003041  __lesf2                       
00003041  __ltsf2                       
00003041  __nesf2                       
0000307d  __muldsi3                     
000030b9  __aeabi_f2iz                  
000030b9  __fixsfsi                     
000030f1  launchpad_gpio_init           
00003129  msec_delay                    
0000315d  __aeabi_f2uiz                 
0000315d  __fixunssfsi                  
00003191  motor0_init                   
000031c1  __aeabi_i2d                   
000031c1  __floatsidf                   
000031ed  __aeabi_ui2f                  
000031ed  __floatunsisf                 
00003215  lcd_write_byte                
0000323d  _c_int00_noargs               
00003264  read_midi                     
0000328d  __aeabi_ui2d                  
0000328d  __floatunsidf                 
000032b1  lcd_write_string              
000032d5  Pitch_key_num                 
000032f5  UART_in_char                  
00003315  buzzer_play_pitch_forever     
00003335  lcd_set_display_on            
00003355  Pitch_frequency               
0000336d  lcd_write_char                
000033ad  led_enable                    
000033c1  motor0_set_pwm_count          
000033d5  TI_memcpy_small               
000033e7  __TI_decompress_none          
00003409  clock_delay                   
00003419  motor0_pwm_disable            
00003429  motor0_pwm_enable             
00003467  lcd_clear                     
00003475  buzzer_off                    
00003481  get_bus_clock_freq            
000034c7  buzzer_on                     
000034d9  __aeabi_memcpy                
000034d9  __aeabi_memcpy4               
000034d9  __aeabi_memcpy8               
000034e1  buzzer_init                   
00003519  abort                         
0000351f  ADC0_IRQHandler               
0000351f  ADC1_IRQHandler               
0000351f  AES_IRQHandler                
0000351f  CANFD0_IRQHandler             
0000351f  DAC0_IRQHandler               
0000351f  DMA_IRQHandler                
0000351f  Default_Handler               
0000351f  GROUP0_IRQHandler             
0000351f  GROUP1_IRQHandler             
0000351f  I2C0_IRQHandler               
0000351f  I2C1_IRQHandler               
0000351f  NMI_Handler                   
0000351f  PendSV_Handler                
0000351f  RTC_IRQHandler                
0000351f  SPI0_IRQHandler               
0000351f  SPI1_IRQHandler               
0000351f  SVC_Handler                   
0000351f  SysTick_Handler               
0000351f  TIMA0_IRQHandler              
0000351f  TIMA1_IRQHandler              
0000351f  TIMG0_IRQHandler              
0000351f  TIMG12_IRQHandler             
0000351f  TIMG6_IRQHandler              
0000351f  TIMG7_IRQHandler              
0000351f  TIMG8_IRQHandler              
0000351f  UART0_IRQHandler              
0000351f  UART1_IRQHandler              
0000351f  UART2_IRQHandler              
0000351f  UART3_IRQHandler              
00003522  C$$EXIT                       
00003523  HOSTexit                      
00003527  HardFault_Handler             
00003543  Reset_Handler                 
00003547  _system_pre_init              
00003658  led_config_data               
00003728  iic_config_data               
0000375c  __TI_Handler_Table_Base       
00003764  __TI_CINIT_Base               
00003764  __TI_Handler_Table_Limit      
0000376c  __TI_CINIT_Limit              
0000376c  __TI_CINIT_Warm               
20200000  __start___llvm_prf_bits       
20200000  __start___llvm_prf_cnts       
20200000  __stop___llvm_prf_bits        
20200000  __stop___llvm_prf_cnts        
20200000  _sys_memory                   
20200800  __aeabi_errno                 
20200804  g_bus_clock_freq              
20207e00  __stack                       
20208000  __STACK_END                   
ffffffff  __TI_pprof_out_hndl           
ffffffff  __TI_prof_data_size           
ffffffff  __TI_prof_data_start          
ffffffff  __binit__                     
ffffffff  binit                         
UNDEFED   __mpu_init                    
UNDEFED   _system_post_cinit            

[196 symbols]
