******************************************************************************
            TI ARM Clang Linker Unix v4.0.4                    
******************************************************************************
>> Linked Sun Jan 25 23:31:31 2026

OUTPUT FILE NAME:   <mathacl_trig_op.out>
ENTRY POINT SYMBOL: "_c_int00_noinit_noargs"  address: 00000229


MEMORY CONFIGURATION

         name            origin    length      used     unused   attr    fill
----------------------  --------  ---------  --------  --------  ----  --------
  FLASH                 00000000   00020000  00000288  0001fd78  R  X
  SRAM                  20200000   00008000  00000200  00007e00  RW X
  BCR_CONFIG            41c00000   000000ff  00000000  000000ff  R   
  BSL_CONFIG            41c00100   00000080  00000000  00000080  R   


SEGMENT ALLOCATION MAP

run origin  load origin   length   init length attrs members
----------  ----------- ---------- ----------- ----- -------
00000000    00000000    00000288   00000288    r-x
  00000000    00000000    000000c0   000000c0    r-- .intvecs
  000000c0    000000c0    000001b8   000001b8    r-x .text
  00000278    00000278    00000010   00000010    r-- .rodata
20207e00    20207e00    00000200   00000000    rw-
  20207e00    20207e00    00000200   00000000    rw- .stack


SECTION ALLOCATION MAP

 output                                  attributes/
section   page    origin      length       input sections
--------  ----  ----------  ----------   ----------------
.intvecs   0    00000000    000000c0     
                  00000000    000000c0     startup_mspm0g350x_ticlang.o (.intvecs)

.text      0    000000c0    000001b8     
                  000000c0    000000b4     mathacl_trig_op.o (.text.main)
                  00000174    00000038     ti_msp_dl_config.o (.text.SYSCFG_DL_initPower)
                  000001ac    00000030     ti_msp_dl_config.o (.text.SYSCFG_DL_SYSCTL_init)
                  000001dc    00000028     driverlib.a : dl_mathacl.o (.text.DL_MathACL_configOperation)
                  00000204    00000024     ti_msp_dl_config.o (.text.SYSCFG_DL_GPIO_init)
                  00000228    00000020     libc.a : boot_cortex_m.c.obj (.text:_c_int00_noinit_noargs)
                  00000248    00000010     ti_msp_dl_config.o (.text.SYSCFG_DL_init)
                  00000258    0000000a     driverlib.a : dl_common.o (.text.DL_Common_delayCycles)
                  00000262    00000006     libc.a : exit.c.obj (.text:abort)
                  00000268    00000004     libsysbm.a : hostexit.c.obj (.text.HOSTexit)
                  0000026c    00000004     startup_mspm0g350x_ticlang.o (.text.Reset_Handler)
                  00000270    00000004     libc.a : pre_init.c.obj (.text._system_pre_init)
                  00000274    00000002     startup_mspm0g350x_ticlang.o (.text.Default_Handler)
                  00000276    00000002     --HOLE-- [fill = 0]

.cinit     0    00000000    00000000     

.rodata    0    00000278    00000010     
                  00000278    00000010     mathacl_trig_op.o (.rodata.gSinOpConfig)

.init_array 
*          0    00000000    00000000     UNINITIALIZED

.binit     0    00000000    00000000     

.stack     0    20207e00    00000200     UNINITIALIZED
                  20207e00    00000004     libc.a : boot_cortex_m.c.obj (.stack)
                  20207e04    000001fc     --HOLE--

__llvm_prf_cnts 
*          0    20200000    00000000     UNINITIALIZED

__llvm_prf_bits 
*          0    20200000    00000000     UNINITIALIZED

MODULE SUMMARY

       Module                         code   ro data   rw data
       ------                         ----   -------   -------
    ./
       startup_mspm0g350x_ticlang.o   6      192       0      
       mathacl_trig_op.o              180    16        0      
       ti_msp_dl_config.o             156    0         0      
    +--+------------------------------+------+---------+---------+
       Total:                         342    208       0      
                                                              
    /Applications/ti/ccs2001/ccs/tools/compiler/ti-cgt-armllvm_4.0.4.LTS/lib/armv6m-ti-none-eabi/c/libc.a
       boot_cortex_m.c.obj            32     0         0      
       exit.c.obj                     6      0         0      
       pre_init.c.obj                 4      0         0      
    +--+------------------------------+------+---------+---------+
       Total:                         42     0         0      
                                                              
    /Applications/ti/ccs2001/ccs/tools/compiler/ti-cgt-armllvm_4.0.4.LTS/lib/armv6m-ti-none-eabi/c/libsysbm.a
       hostexit.c.obj                 4      0         0      
    +--+------------------------------+------+---------+---------+
       Total:                         4      0         0      
                                                              
    /Users/andrewacashner/ti/mspm0_sdk_2_09_00_01/source/ti/driverlib/lib/ticlang/m0p/mspm0g1x0x_g3x0x/driverlib.a
       dl_mathacl.o                   40     0         0      
       dl_common.o                    10     0         0      
    +--+------------------------------+------+---------+---------+
       Total:                         50     0         0      
                                                              
       Stack:                         0      0         512    
    +--+------------------------------+------+---------+---------+
       Grand Total:                   438    208       512    


GLOBAL SYMBOLS: SORTED ALPHABETICALLY BY Name 

address   name                      
-------   ----                      
00000275  ADC0_IRQHandler           
00000275  ADC1_IRQHandler           
00000275  AES_IRQHandler            
00000268  C$$EXIT                   
00000275  CANFD0_IRQHandler         
00000275  DAC0_IRQHandler           
00000259  DL_Common_delayCycles     
000001dd  DL_MathACL_configOperation
00000275  DMA_IRQHandler            
00000275  Default_Handler           
00000275  GROUP0_IRQHandler         
00000275  GROUP1_IRQHandler         
00000269  HOSTexit                  
00000275  HardFault_Handler         
00000275  I2C0_IRQHandler           
00000275  I2C1_IRQHandler           
00000275  NMI_Handler               
00000275  PendSV_Handler            
00000275  RTC_IRQHandler            
0000026d  Reset_Handler             
00000275  SPI0_IRQHandler           
00000275  SPI1_IRQHandler           
00000275  SVC_Handler               
00000205  SYSCFG_DL_GPIO_init       
000001ad  SYSCFG_DL_SYSCTL_init     
00000249  SYSCFG_DL_init            
00000175  SYSCFG_DL_initPower       
00000275  SysTick_Handler           
00000275  TIMA0_IRQHandler          
00000275  TIMA1_IRQHandler          
00000275  TIMG0_IRQHandler          
00000275  TIMG12_IRQHandler         
00000275  TIMG6_IRQHandler          
00000275  TIMG7_IRQHandler          
00000275  TIMG8_IRQHandler          
00000275  UART0_IRQHandler          
00000275  UART1_IRQHandler          
00000275  UART2_IRQHandler          
00000275  UART3_IRQHandler          
20208000  __STACK_END               
00000200  __STACK_SIZE              
00000000  __TI_ATRegion0_region_sz  
00000000  __TI_ATRegion0_src_addr   
00000000  __TI_ATRegion0_trg_addr   
00000000  __TI_ATRegion1_region_sz  
00000000  __TI_ATRegion1_src_addr   
00000000  __TI_ATRegion1_trg_addr   
00000000  __TI_ATRegion2_region_sz  
00000000  __TI_ATRegion2_src_addr   
00000000  __TI_ATRegion2_trg_addr   
00000000  __TI_CINIT_Base           
00000000  __TI_CINIT_Limit          
00000000  __TI_CINIT_Warm           
ffffffff  __TI_pprof_out_hndl       
ffffffff  __TI_prof_data_size       
ffffffff  __TI_prof_data_start      
00000000  __TI_static_base__        
ffffffff  __binit__                 
UNDEFED   __mpu_init                
20207e00  __stack                   
20200000  __start___llvm_prf_bits   
20200000  __start___llvm_prf_cnts   
20200000  __stop___llvm_prf_bits    
20200000  __stop___llvm_prf_cnts    
00000229  _c_int00_noinit_noargs    
00000271  _system_pre_init          
00000263  abort                     
ffffffff  binit                     
00000278  gSinOpConfig              
00000000  interruptVectors          
000000c1  main                      


GLOBAL SYMBOLS: SORTED BY Symbol Address 

address   name                      
-------   ----                      
00000000  __TI_ATRegion0_region_sz  
00000000  __TI_ATRegion0_src_addr   
00000000  __TI_ATRegion0_trg_addr   
00000000  __TI_ATRegion1_region_sz  
00000000  __TI_ATRegion1_src_addr   
00000000  __TI_ATRegion1_trg_addr   
00000000  __TI_ATRegion2_region_sz  
00000000  __TI_ATRegion2_src_addr   
00000000  __TI_ATRegion2_trg_addr   
00000000  __TI_CINIT_Base           
00000000  __TI_CINIT_Limit          
00000000  __TI_CINIT_Warm           
00000000  __TI_static_base__        
00000000  interruptVectors          
000000c1  main                      
00000175  SYSCFG_DL_initPower       
000001ad  SYSCFG_DL_SYSCTL_init     
000001dd  DL_MathACL_configOperation
00000200  __STACK_SIZE              
00000205  SYSCFG_DL_GPIO_init       
00000229  _c_int00_noinit_noargs    
00000249  SYSCFG_DL_init            
00000259  DL_Common_delayCycles     
00000263  abort                     
00000268  C$$EXIT                   
00000269  HOSTexit                  
0000026d  Reset_Handler             
00000271  _system_pre_init          
00000275  ADC0_IRQHandler           
00000275  ADC1_IRQHandler           
00000275  AES_IRQHandler            
00000275  CANFD0_IRQHandler         
00000275  DAC0_IRQHandler           
00000275  DMA_IRQHandler            
00000275  Default_Handler           
00000275  GROUP0_IRQHandler         
00000275  GROUP1_IRQHandler         
00000275  HardFault_Handler         
00000275  I2C0_IRQHandler           
00000275  I2C1_IRQHandler           
00000275  NMI_Handler               
00000275  PendSV_Handler            
00000275  RTC_IRQHandler            
00000275  SPI0_IRQHandler           
00000275  SPI1_IRQHandler           
00000275  SVC_Handler               
00000275  SysTick_Handler           
00000275  TIMA0_IRQHandler          
00000275  TIMA1_IRQHandler          
00000275  TIMG0_IRQHandler          
00000275  TIMG12_IRQHandler         
00000275  TIMG6_IRQHandler          
00000275  TIMG7_IRQHandler          
00000275  TIMG8_IRQHandler          
00000275  UART0_IRQHandler          
00000275  UART1_IRQHandler          
00000275  UART2_IRQHandler          
00000275  UART3_IRQHandler          
00000278  gSinOpConfig              
20200000  __start___llvm_prf_bits   
20200000  __start___llvm_prf_cnts   
20200000  __stop___llvm_prf_bits    
20200000  __stop___llvm_prf_cnts    
20207e00  __stack                   
20208000  __STACK_END               
ffffffff  __TI_pprof_out_hndl       
ffffffff  __TI_prof_data_size       
ffffffff  __TI_prof_data_start      
ffffffff  __binit__                 
ffffffff  binit                     
UNDEFED   __mpu_init                

[71 symbols]
